Archive member included because of file (symbol)

c:/altera/10.1sp1/nios2eds/bin/gnu/h-i686-mingw32/bin/../lib/gcc/nios2-elf/4.1.2/../../../../nios2-elf/lib/mno-hw-mul\libc.a(lib_a-fgetc.o)
                              obj/hello_ucosii.o (fgetc)
c:/altera/10.1sp1/nios2eds/bin/gnu/h-i686-mingw32/bin/../lib/gcc/nios2-elf/4.1.2/../../../../nios2-elf/lib/mno-hw-mul\libc.a(lib_a-findfp.o)
                              c:/altera/10.1sp1/nios2eds/bin/gnu/h-i686-mingw32/bin/../lib/gcc/nios2-elf/4.1.2/../../../../nios2-elf/lib/mno-hw-mul\libc.a(lib_a-fgetc.o) (__sinit)
c:/altera/10.1sp1/nios2eds/bin/gnu/h-i686-mingw32/bin/../lib/gcc/nios2-elf/4.1.2/../../../../nios2-elf/lib/mno-hw-mul\libc.a(lib_a-fopen.o)
                              obj/hello_ucosii.o (fopen)
c:/altera/10.1sp1/nios2eds/bin/gnu/h-i686-mingw32/bin/../lib/gcc/nios2-elf/4.1.2/../../../../nios2-elf/lib/mno-hw-mul\libc.a(lib_a-fseek.o)
                              c:/altera/10.1sp1/nios2eds/bin/gnu/h-i686-mingw32/bin/../lib/gcc/nios2-elf/4.1.2/../../../../nios2-elf/lib/mno-hw-mul\libc.a(lib_a-fopen.o) (_fseek_r)
c:/altera/10.1sp1/nios2eds/bin/gnu/h-i686-mingw32/bin/../lib/gcc/nios2-elf/4.1.2/../../../../nios2-elf/lib/mno-hw-mul\libc.a(lib_a-fstatr.o)
                              c:/altera/10.1sp1/nios2eds/bin/gnu/h-i686-mingw32/bin/../lib/gcc/nios2-elf/4.1.2/../../../../nios2-elf/lib/mno-hw-mul\libc.a(lib_a-fseek.o) (_fstat_r)
c:/altera/10.1sp1/nios2eds/bin/gnu/h-i686-mingw32/bin/../lib/gcc/nios2-elf/4.1.2/../../../../nios2-elf/lib/mno-hw-mul\libc.a(lib_a-fwalk.o)
                              c:/altera/10.1sp1/nios2eds/bin/gnu/h-i686-mingw32/bin/../lib/gcc/nios2-elf/4.1.2/../../../../nios2-elf/lib/mno-hw-mul\libc.a(lib_a-findfp.o) (_fwalk)
c:/altera/10.1sp1/nios2eds/bin/gnu/h-i686-mingw32/bin/../lib/gcc/nios2-elf/4.1.2/../../../../nios2-elf/lib/mno-hw-mul\libc.a(lib_a-impure.o)
                              c:/altera/10.1sp1/nios2eds/bin/gnu/h-i686-mingw32/bin/../lib/gcc/nios2-elf/4.1.2/../../../../nios2-elf/lib/mno-hw-mul\libc.a(lib_a-fgetc.o) (_impure_ptr)
c:/altera/10.1sp1/nios2eds/bin/gnu/h-i686-mingw32/bin/../lib/gcc/nios2-elf/4.1.2/../../../../nios2-elf/lib/mno-hw-mul\libc.a(lib_a-int_errno.o)
                              c:/altera/10.1sp1/nios2eds/bin/gnu/h-i686-mingw32/bin/../lib/gcc/nios2-elf/4.1.2/../../../../nios2-elf/lib/mno-hw-mul\libc.a(lib_a-fstatr.o) (errno)
c:/altera/10.1sp1/nios2eds/bin/gnu/h-i686-mingw32/bin/../lib/gcc/nios2-elf/4.1.2/../../../../nios2-elf/lib/mno-hw-mul\libc.a(lib_a-makebuf.o)
                              c:/altera/10.1sp1/nios2eds/bin/gnu/h-i686-mingw32/bin/../lib/gcc/nios2-elf/4.1.2/../../../../nios2-elf/lib/mno-hw-mul\libc.a(lib_a-fseek.o) (__smakebuf_r)
c:/altera/10.1sp1/nios2eds/bin/gnu/h-i686-mingw32/bin/../lib/gcc/nios2-elf/4.1.2/../../../../nios2-elf/lib/mno-hw-mul\libc.a(lib_a-malloc.o)
                              obj/hello_ucosii.o (free)
c:/altera/10.1sp1/nios2eds/bin/gnu/h-i686-mingw32/bin/../lib/gcc/nios2-elf/4.1.2/../../../../nios2-elf/lib/mno-hw-mul\libc.a(lib_a-mallocr.o)
                              c:/altera/10.1sp1/nios2eds/bin/gnu/h-i686-mingw32/bin/../lib/gcc/nios2-elf/4.1.2/../../../../nios2-elf/lib/mno-hw-mul\libc.a(lib_a-findfp.o) (_malloc_r)
c:/altera/10.1sp1/nios2eds/bin/gnu/h-i686-mingw32/bin/../lib/gcc/nios2-elf/4.1.2/../../../../nios2-elf/lib/mno-hw-mul\libc.a(lib_a-memset.o)
                              c:/altera/10.1sp1/nios2eds/bin/gnu/h-i686-mingw32/bin/../lib/gcc/nios2-elf/4.1.2/../../../../nios2-elf/lib/mno-hw-mul\libc.a(lib_a-findfp.o) (memset)
c:/altera/10.1sp1/nios2eds/bin/gnu/h-i686-mingw32/bin/../lib/gcc/nios2-elf/4.1.2/../../../../nios2-elf/lib/mno-hw-mul\libc.a(lib_a-openr.o)
                              c:/altera/10.1sp1/nios2eds/bin/gnu/h-i686-mingw32/bin/../lib/gcc/nios2-elf/4.1.2/../../../../nios2-elf/lib/mno-hw-mul\libc.a(lib_a-fopen.o) (_open_r)
c:/altera/10.1sp1/nios2eds/bin/gnu/h-i686-mingw32/bin/../lib/gcc/nios2-elf/4.1.2/../../../../nios2-elf/lib/mno-hw-mul\libc.a(lib_a-puts.o)
                              obj/hello_ucosii.o (puts)
c:/altera/10.1sp1/nios2eds/bin/gnu/h-i686-mingw32/bin/../lib/gcc/nios2-elf/4.1.2/../../../../nios2-elf/lib/mno-hw-mul\libc.a(lib_a-refill.o)
                              c:/altera/10.1sp1/nios2eds/bin/gnu/h-i686-mingw32/bin/../lib/gcc/nios2-elf/4.1.2/../../../../nios2-elf/lib/mno-hw-mul\libc.a(lib_a-fseek.o) (__srefill_r)
c:/altera/10.1sp1/nios2eds/bin/gnu/h-i686-mingw32/bin/../lib/gcc/nios2-elf/4.1.2/../../../../nios2-elf/lib/mno-hw-mul\libc.a(lib_a-rget.o)
                              c:/altera/10.1sp1/nios2eds/bin/gnu/h-i686-mingw32/bin/../lib/gcc/nios2-elf/4.1.2/../../../../nios2-elf/lib/mno-hw-mul\libc.a(lib_a-fgetc.o) (__srget_r)
c:/altera/10.1sp1/nios2eds/bin/gnu/h-i686-mingw32/bin/../lib/gcc/nios2-elf/4.1.2/../../../../nios2-elf/lib/mno-hw-mul\libc.a(lib_a-sbrkr.o)
[...]
Memory Configuration

Name             Origin             Length             Attributes
sdram_0          0x00800000         0x00800000
reset            0x01002000         0x00000020
onchip_memory2_0 0x01002020         0x00001fe0
*default*        0x00000000         0xffffffff

Linker script and memory map

LOAD ../Midi_Controller_bsp/obj/HAL/src/crt0.o
LOAD obj/hello_ucosii.o
LOAD c:/altera/10.1sp1/nios2eds/bin/gnu/h-i686-mingw32/bin/../lib/gcc/nios2-elf/4.1.2/../../../../nios2-elf/lib/mno-hw-mul\libstdc++.a
LOAD c:/altera/10.1sp1/nios2eds/bin/gnu/h-i686-mingw32/bin/../lib/gcc/nios2-elf/4.1.2/../../../../nios2-elf/lib/mno-hw-mul\libm.a
LOAD c:/altera/10.1sp1/nios2eds/bin/gnu/h-i686-mingw32/bin/../lib/gcc/nios2-elf/4.1.2/mno-hw-mul\libgcc.a
START GROUP
LOAD c:/altera/10.1sp1/nios2eds/bin/gnu/h-i686-mingw32/bin/../lib/gcc/nios2-elf/4.1.2/../../../../nios2-elf/lib/mno-hw-mul\libc.a
LOAD c:/altera/10.1sp1/nios2eds/bin/gnu/h-i686-mingw32/bin/../lib/gcc/nios2-elf/4.1.2/mno-hw-mul\libgcc.a
LOAD ../Midi_Controller_bsp\libucosii_bsp.a
END GROUP
LOAD c:/altera/10.1sp1/nios2eds/bin/gnu/h-i686-mingw32/bin/../lib/gcc/nios2-elf/4.1.2/mno-hw-mul\libgcc.a
                0x00800000                __alt_mem_sdram_0 = 0x800000
                0x01002000                __alt_mem_onchip_memory2_0 = 0x1002000

.entry          0x01002000       0x20
 *(.entry)
 .entry         0x01002000       0x20 ../Midi_Controller_bsp/obj/HAL/src/crt0.o
                0x01002000                __reset

.exceptions     0x01002020      0x19c load address 0x00800000
                0x01002020                PROVIDE (__ram_exceptions_start, ABSOLUTE (.))
                0x01002020                . = ALIGN (0x20)
 *(.irq)
 *(.exceptions.entry.label)
 .exceptions.entry.label
                0x01002020        0x0 ../Midi_Controller_bsp\libucosii_bsp.a(alt_irq_entry.o)
                0x01002020                alt_irq_entry
 .exceptions.entry.label
                0x01002020        0x0 ../Midi_Controller_bsp\libucosii_bsp.a(alt_exception_entry.o)
                0x01002020                alt_exception
 *(.exceptions.entry.user)
 *(.exceptions.entry)
 .exceptions.entry
                0x01002020       0x54 ../Midi_Controller_bsp\libucosii_bsp.a(alt_exception_entry.o)
 *(.exceptions.irqtest.user)
 *(.exceptions.irqtest)
 .exceptions.irqtest
                0x01002074       0x10 ../Midi_Controller_bsp\libucosii_bsp.a(alt_irq_entry.o)
 *(.exceptions.irqhandler.user)
 *(.exceptions.irqhandler)
 .exceptions.irqhandler
                0x01002084        0x4 ../Midi_Controller_bsp\libucosii_bsp.a(alt_irq_entry.o)
 *(.exceptions.irqreturn.user)
 *(.exceptions.irqreturn)
 .exceptions.irqreturn
                0x01002088        0x4 ../Midi_Controller_bsp\libucosii_bsp.a(alt_irq_entry.o)
 *(.exceptions.notirq.label)
 .exceptions.notirq.label
                0x0100208c        0x0 ../Midi_Controller_bsp\libucosii_bsp.a(alt_irq_entry.o)
 *(.exceptions.notirq.user)
 *(.exceptions.notirq)
 .exceptions.notirq
                0x0100208c        0x8 ../Midi_Controller_bsp\libucosii_bsp.a(alt_exception_entry.o)
 *(.exceptions.soft.user)
 *(.exceptions.soft)
 *(.exceptions.unknown.user)
 *(.exceptions.unknown)
 .exceptions.unknown
                0x01002094        0x4 ../Midi_Controller_bsp\libucosii_bsp.a(alt_exception_entry.o)
 *(.exceptions.exit.label)
 .exceptions.exit.label
                0x01002098        0x0 ../Midi_Controller_bsp\libucosii_bsp.a(alt_irq_entry.o)
 .exceptions.exit.label
                0x01002098        0x0 ../Midi_Controller_bsp\libucosii_bsp.a(alt_exception_entry.o)
 *(.exceptions.exit.user)
 *(.exceptions.exit)
 .exceptions.exit
                0x01002098       0x54 ../Midi_Controller_bsp\libucosii_bsp.a(alt_exception_entry.o)
 *(.exceptions)
 .exceptions    0x010020ec       0xd0 ../Midi_Controller_bsp\libucosii_bsp.a(alt_irq_handler.o)
                0x010020ec                alt_irq_handler
                0x010021bc                PROVIDE (__ram_exceptions_end, ABSOLUTE (.))
                0x00800000                PROVIDE (__flash_exceptions_start, LOADADDR (.exceptions))

.text           0x0080019c    0x10fe4
                0x0080019c                PROVIDE (stext, ABSOLUTE (.))
 *(.interp)
 *(.hash)
 *(.dynsym)
 *(.dynstr)
 *(.gnu.version)
 *(.gnu.version_d)
 *(.gnu.version_r)
 *(.rel.init)
 *(.rela.init)
 *(.rel.text .rel.text.* .rel.gnu.linkonce.t.*)
 *(.rela.text .rela.text.* .rela.gnu.linkonce.t.*)
 *(.rel.fini)
 *(.rela.fini)
 *(.rel.rodata .rel.rodata.* .rel.gnu.linkonce.r.*)
 *(.rela.rodata .rela.rodata.* .rela.gnu.linkonce.r.*)
 *(.rel.data .rel.data.* .rel.gnu.linkonce.d.*)
 *(.rela.data .rela.data.* .rela.gnu.linkonce.d.*)
 *(.rel.tdata .rel.tdata.* .rel.gnu.linkonce.td.*)
 *(.rela.tdata .rela.tdata.* .rela.gnu.linkonce.td.*)
 *(.rel.tbss .rel.tbss.* .rel.gnu.linkonce.tb.*)
 *(.rela.tbss .rela.tbss.* .rela.gnu.linkonce.tb.*)
 *(.rel.ctors)
 *(.rela.ctors)
 *(.rel.dtors)
 *(.rela.dtors)
 *(.rel.got)
 *(.rela.got)
 *(.rel.sdata .rel.sdata.* .rel.gnu.linkonce.s.*)
 *(.rela.sdata .rela.sdata.* .rela.gnu.linkonce.s.*)
 *(.rel.sbss .rel.sbss.* .rel.gnu.linkonce.sb.*)
 *(.rela.sbss .rela.sbss.* .rela.gnu.linkonce.sb.*)
 *(.rel.sdata2 .rel.sdata2.* .rel.gnu.linkonce.s2.*)
 *(.rela.sdata2 .rela.sdata2.* .rela.gnu.linkonce.s2.*)
 *(.rel.sbss2 .rel.sbss2.* .rel.gnu.linkonce.sb2.*)
 *(.rela.sbss2 .rela.sbss2.* .rela.gnu.linkonce.sb2.*)
 *(.rel.bss .rel.bss.* .rel.gnu.linkonce.b.*)
 *(.rela.bss .rela.bss.* .rela.gnu.linkonce.b.*)
 *(.rel.plt)
 *(.rela.plt)
 *(.rel.dyn)
 *(.init)
 *(.plt)
 *(.text .stub .text.* .gnu.linkonce.t.*)
 .text          0x0080019c       0x3c ../Midi_Controller_bsp/obj/HAL/src/crt0.o
                0x0080019c                _start
 .text          0x008001d8      0x3b8 obj/hello_ucosii.o
                0x008001d8                task1
                0x00800274                task2
                0x008004cc                main
 .text          0x00800590      0x128 c:/altera/10.1sp1/nios2eds/bin/gnu/h-i686-mingw32/bin/../lib/gcc/nios2-elf/4.1.2/../../../../nios2-elf/lib/mno-hw-mul\libc.a(lib_a-fgetc.o)
                0x00800590                fgetc
                0x00800628                _fgetc_r
 .text          0x008006b8      0x2f4 c:/altera/10.1sp1/nios2eds/bin/gnu/h-i686-mingw32/bin/../lib/gcc/nios2-elf/4.1.2/../../../../nios2-elf/lib/mno-hw-mul\libc.a(lib_a-findfp.o)
                0x00800710                __sfp_lock_acquire
                0x00800714                __sfp_lock_release
                0x00800718                __sinit_lock_acquire
                0x0080071c                __sinit_lock_release
                0x00800720                __sinit
                0x008007d4                __fp_unlock_all
                0x008007ec                __fp_lock_all
                0x00800804                _cleanup_r
                0x00800810                _cleanup
                0x00800820                __sfmoreglue
                0x008008bc                __sfp
 .text          0x008009ac      0x110 c:/altera/10.1sp1/nios2eds/bin/gnu/h-i686-mingw32/bin/../lib/gcc/nios2-elf/4.1.2/../../../../nios2-elf/lib/mno-hw-mul\libc.a(lib_a-fopen.o)
                0x008009ac                _fopen_r
                0x00800aa0                fopen
 .text          0x00800abc      0x460 c:/altera/10.1sp1/nios2eds/bin/gnu/h-i686-mingw32/bin/../lib/gcc/nios2-elf/4.1.2/../../../../nios2-elf/lib/mno-hw-mul\libc.a(lib_a-fseek.o)
                0x00800abc                _fseek_r
                0x00800ef8                fseek
 .text          0x00800f1c       0x74 c:/altera/10.1sp1/nios2eds/bin/gnu/h-i686-mingw32/bin/../lib/gcc/nios2-elf/4.1.2/../../../../nios2-elf/lib/mno-hw-mul\libc.a(lib_a-fstatr.o)
                0x00800f1c                _fstat_r
 .text          0x00800f90      0x180 c:/altera/10.1sp1/nios2eds/bin/gnu/h-i686-mingw32/bin/../lib/gcc/nios2-elf/4.1.2/../../../../nios2-elf/lib/mno-hw-mul\libc.a(lib_a-fwalk.o)
                0x00800f90                _fwalk_reent
                0x00801058                _fwalk
 .text          0x00801110        0x0 c:/altera/10.1sp1/nios2eds/bin/gnu/h-i686-mingw32/bin/../lib/gcc/nios2-elf/4.1.2/../../../../nios2-elf/lib/mno-hw-mul\libc.a(lib_a-impure.o)
 .text          0x00801110        0x0 c:/altera/10.1sp1/nios2eds/bin/gnu/h-i686-mingw32/bin/../lib/gcc/nios2-elf/4.1.2/../../../../nios2-elf/lib/mno-hw-mul\libc.a(lib_a-int_errno.o)
 .text          0x00801110      0x194 c:/altera/10.1sp1/nios2eds/bin/gnu/h-i686-mingw32/bin/../lib/gcc/nios2-elf/4.1.2/../../../../nios2-elf/lib/mno-hw-mul\libc.a(lib_a-makebuf.o)
                0x00801110                __smakebuf_r
 .text          0x008012a4       0x28 c:/altera/10.1sp1/nios2eds/bin/gnu/h-i686-mingw32/bin/../lib/gcc/nios2-elf/4.1.2/../../../../nios2-elf/lib/mno-hw-mul\libc.a(lib_a-malloc.o)
                0x008012a4                free
                0x008012b8                malloc
 .text          0x008012cc      0x740 c:/altera/10.1sp1/nios2eds/bin/gnu/h-i686-mingw32/bin/../lib/gcc/nios2-elf/4.1.2/../../../../nios2-elf/lib/mno-hw-mul\libc.a(lib_a-mallocr.o)
                0x008012cc                _malloc_r
 .text          0x00801a0c       0x98 c:/altera/10.1sp1/nios2eds/bin/gnu/h-i686-mingw32/bin/../lib/gcc/nios2-elf/4.1.2/../../../../nios2-elf/lib/mno-hw-mul\libc.a(lib_a-memset.o)
                0x00801a0c                memset
 .text          0x00801aa4       0x78 c:/altera/10.1sp1/nios2eds/bin/gnu/h-i686-mingw32/bin/../lib/gcc/nios2-elf/4.1.2/../../../../nios2-elf/lib/mno-hw-mul\libc.a(lib_a-openr.o)
                0x00801aa4                _open_r
 .text          0x00801b1c       0xb4 c:/altera/10.1sp1/nios2eds/bin/gnu/h-i686-mingw32/bin/../lib/gcc/nios2-elf/4.1.2/../../../../nios2-elf/lib/mno-hw-mul\libc.a(lib_a-puts.o)
                0x00801b1c                _puts_r
                0x00801bbc                puts
 .text          0x00801bd0      0x1e0 c:/altera/10.1sp1/nios2eds/bin/gnu/h-i686-mingw32/bin/../lib/gcc/nios2-elf/4.1.2/../../../../nios2-elf/lib/mno-hw-mul\libc.a(lib_a-refill.o)
                0x00801bd0                __srefill_r
 .text          0x00801db0       0x60 c:/altera/10.1sp1/nios2eds/bin/gnu/h-i686-mingw32/bin/../lib/gcc/nios2-elf/4.1.2/../../../../nios2-elf/lib/mno-hw-mul\libc.a(lib_a-rget.o)
                0x00801db0                __srget_r
                0x00801dfc                __srget
 .text          0x00801e10       0x70 c:/altera/10.1sp1/nios2eds/bin/gnu/h-i686-mingw32/bin/../lib/gcc/nios2-elf/4.1.2/../../../../nios2-elf/lib/mno-hw-mul\libc.a(lib_a-sbrkr.o)
                0x00801e10                _sbrk_r
 .text          0x00801e80      0x14c c:/altera/10.1sp1/nios2eds/bin/gnu/h-i686-mingw32/bin/../lib/gcc/nios2-elf/4.1.2/../../../../nios2-elf/lib/mno-hw-mul\libc.a(lib_a-stdio.o)
                0x00801e80                __sclose
                0x00801e88                __sseek
                0x00801ef0                __swrite
                0x00801f6c                __sread
 .text          0x00801fcc       0x74 c:/altera/10.1sp1/nios2eds/bin/gnu/h-i686-mingw32/bin/../lib/gcc/nios2-elf/4.1.2/../../../../nios2-elf/lib/mno-hw-mul\libc.a(lib_a-strlen.o)
                0x00801fcc                strlen
 .text          0x00802040       0x78 c:/altera/10.1sp1/nios2eds/bin/gnu/h-i686-mingw32/bin/../lib/gcc/nios2-elf/4.1.2/../../../../nios2-elf/lib/mno-hw-mul\libc.a(lib_a-writer.o)
                0x00802040                _write_r
 .text          0x008020b8       0x70 c:/altera/10.1sp1/nios2eds/bin/gnu/h-i686-mingw32/bin/../lib/gcc/nios2-elf/4.1.2/../../../../nios2-elf/lib/mno-hw-mul\libc.a(lib_a-closer.o)
                0x008020b8                _close_r
 .text          0x00802128      0x124 c:/altera/10.1sp1/nios2eds/bin/gnu/h-i686-mingw32/bin/../lib/gcc/nios2-elf/4.1.2/../../../../nios2-elf/lib/mno-hw-mul\libc.a(lib_a-fclose.o)
                0x00802128                _fclose_r
                0x00802238                fclose
 .text          0x0080224c      0x230 c:/altera/10.1sp1/nios2eds/bin/gnu/h-i686-mingw32/bin/../lib/gcc/nios2-elf/4.1.2/../../../../nios2-elf/lib/mno-hw-mul\libc.a(lib_a-fflush.o)
                0x0080224c                _fflush_r
                0x00802448                fflush
 .text          0x0080247c       0xa0 c:/altera/10.1sp1/nios2eds/bin/gnu/h-i686-mingw32/bin/../lib/gcc/nios2-elf/4.1.2/../../../../nios2-elf/lib/mno-hw-mul\libc.a(lib_a-flags.o)
                0x0080247c                __sflags
 .text          0x0080251c      0x440 c:/altera/10.1sp1/nios2eds/bin/gnu/h-i686-mingw32/bin/../lib/gcc/nios2-elf/4.1.2/../../../../nios2-elf/lib/mno-hw-mul\libc.a(lib_a-freer.o)
                0x0080251c                _malloc_trim_r
                0x00802648                _free_r
 .text          0x0080295c      0x49c c:/altera/10.1sp1/nios2eds/bin/gnu/h-i686-mingw32/bin/../lib/gcc/nios2-elf/4.1.2/../../../../nios2-elf/lib/mno-hw-mul\libc.a(lib_a-fvwrite.o)
                0x0080295c                __sfvwrite_r
 .text          0x00802df8       0x70 c:/altera/10.1sp1/nios2eds/bin/gnu/h-i686-mingw32/bin/../lib/gcc/nios2-elf/4.1.2/../../../../nios2-elf/lib/mno-hw-mul\libc.a(lib_a-isattyr.o)
                0x00802df8                _isatty_r
 .text          0x00802e68       0x78 c:/altera/10.1sp1/nios2eds/bin/gnu/h-i686-mingw32/bin/../lib/gcc/nios2-elf/4.1.2/../../../../nios2-elf/lib/mno-hw-mul\libc.a(lib_a-lseekr.o)
                0x00802e68                _lseek_r
 .text          0x00802ee0       0xe4 c:/altera/10.1sp1/nios2eds/bin/gnu/h-i686-mingw32/bin/../lib/gcc/nios2-elf/4.1.2/../../../../nios2-elf/lib/mno-hw-mul\libc.a(lib_a-memchr.o)
                0x00802ee0                memchr
 .text          0x00802fc4       0xa0 c:/altera/10.1sp1/nios2eds/bin/gnu/h-i686-mingw32/bin/../lib/gcc/nios2-elf/4.1.2/../../../../nios2-elf/lib/mno-hw-mul\libc.a(lib_a-memcpy.o)
                0x00802fc4                memcpy
 .text          0x00803064       0xe0 c:/altera/10.1sp1/nios2eds/bin/gnu/h-i686-mingw32/bin/../lib/gcc/nios2-elf/4.1.2/../../../../nios2-elf/lib/mno-hw-mul\libc.a(lib_a-memmove.o)
                0x00803064                memmove
 .text          0x00803144       0x78 c:/altera/10.1sp1/nios2eds/bin/gnu/h-i686-mingw32/bin/../lib/gcc/nios2-elf/4.1.2/../../../../nios2-elf/lib/mno-hw-mul\libc.a(lib_a-readr.o)
                0x00803144                _read_r
 .text          0x008031bc      0x5f4 c:/altera/10.1sp1/nios2eds/bin/gnu/h-i686-mingw32/bin/../lib/gcc/nios2-elf/4.1.2/../../../../nios2-elf/lib/mno-hw-mul\libc.a(lib_a-reallocr.o)
                0x008031bc                _realloc_r
 .text          0x008037b0      0x13c c:/altera/10.1sp1/nios2eds/bin/gnu/h-i686-mingw32/bin/../lib/gcc/nios2-elf/4.1.2/../../../../nios2-elf/lib/mno-hw-mul\libc.a(lib_a-wsetup.o)
                0x008037b0                __swsetup_r
 .text          0x008038ec       0x38 c:/altera/10.1sp1/nios2eds/bin/gnu/h-i686-mingw32/bin/../lib/gcc/nios2-elf/4.1.2/mno-hw-mul\libgcc.a(lib2-mul.o)
                0x008038ec                __mulsi3
 .text          0x00803924      0x160 ../Midi_Controller_bsp\libucosii_bsp.a(alt_close.o)
                0x00803924                close
 .text          0x00803a84       0x2c ../Midi_Controller_bsp\libucosii_bsp.a(alt_dev.o)
 .text          0x00803ab0        0x0 ../Midi_Controller_bsp\libucosii_bsp.a(alt_errno.o)
 .text          0x00803ab0      0x138 ../Midi_Controller_bsp\libucosii_bsp.a(alt_fstat.o)
                0x00803ab0                fstat
 .text          0x00803be8      0x124 ../Midi_Controller_bsp\libucosii_bsp.a(alt_isatty.o)
                0x00803be8                isatty
 .text          0x00803d0c       0xec ../Midi_Controller_bsp\libucosii_bsp.a(alt_load.o)
                0x00803d0c                alt_load
 .text          0x00803df8      0x154 ../Midi_Controller_bsp\libucosii_bsp.a(alt_lseek.o)
                0x00803df8                lseek
 .text          0x00803f4c       0xc8 ../Midi_Controller_bsp\libucosii_bsp.a(alt_main.o)
                0x00803f4c                alt_main
 .text          0x00804014      0x2e4 ../Midi_Controller_bsp\libucosii_bsp.a(alt_open.o)
                0x0080410c                open
 .text          0x008042f8      0x184 ../Midi_Controller_bsp\libucosii_bsp.a(alt_read.o)
                0x008042f8                read
 .text          0x0080447c       0x78 ../Midi_Controller_bsp\libucosii_bsp.a(alt_release_fd.o)
                0x0080447c                alt_release_fd
 .text          0x008044f4       0xbc ../Midi_Controller_bsp\libucosii_bsp.a(alt_sbrk.o)
                0x008044f4                sbrk
 .text          0x008045b0      0x184 ../Midi_Controller_bsp\libucosii_bsp.a(alt_write.o)
                0x008045b0                write
 .text          0x00804734      0x108 ../Midi_Controller_bsp\libucosii_bsp.a(alt_env_lock.o)
                0x00804734                __env_lock
                0x008047e0                __env_unlock
 .text          0x0080483c      0x1d8 ../Midi_Controller_bsp\libucosii_bsp.a(alt_malloc_lock.o)
                0x0080483c                __malloc_lock
                0x00804944                __malloc_unlock
 .text          0x00804a14     0x2128 ../Midi_Controller_bsp\libucosii_bsp.a(os_core.o)
                0x00804a14                OSEventNameGet
                0x00804b44                OSEventNameSet
                0x00804c88                OSEventPendMulti
                0x0080533c                OSInit
                0x00805390                OSIntEnter
                0x0080540c                OSIntExit
                0x0080550c                OSSchedLock
                0x00805598                OSSchedUnlock
                0x0080567c                OSStart
                0x008056ec                OSStatInit
                0x00805798                OSTimeTick
                0x008059d8                OSVersion
                0x008059f8                OS_Dummy
                0x00805a14                OS_EventTaskRdy
                0x00805ba8                OS_EventTaskWait
                0x00805cb8                OS_EventTaskWaitMulti
                0x00805e0c                OS_EventTaskRemove
                0x00805ec4                OS_EventTaskRemoveMulti
                0x00805fc8                OS_EventWaitListInit
                0x00806394                OS_MemClr
                0x008063e8                OS_MemCopy
                0x00806454                OS_Sched
                0x00806598                OS_StrCopy
                0x00806618                OS_StrLen
                0x00806670                OS_TaskIdle
                0x008066cc                OS_TaskStat
                0x00806794                OS_TaskStatStkChk
                0x0080685c                OS_TCBInit
 .text          0x00806b3c      0x18c ../Midi_Controller_bsp\libucosii_bsp.a(os_dbg.o)
                0x00806b3c                OSDebugInit
 .text          0x00806cc8     0x193c ../Midi_Controller_bsp\libucosii_bsp.a(os_flag.o)
                0x00806cc8                OSFlagAccept
                0x00806ffc                OSFlagCreate
                0x00807138                OSFlagDel
                0x008073e0                OSFlagNameGet
                0x00807524                OSFlagNameSet
                0x00807678                OSFlagPend
                0x00807cbc                OSFlagPendGetFlagsRdy
                0x00807d24                OSFlagPost
                0x008080cc                OSFlagQuery
                0x00808364                OS_FlagInit
                0x00808558                OS_FlagUnlink
 .text          0x00808604      0x80c ../Midi_Controller_bsp\libucosii_bsp.a(os_mem.o)
                0x00808604                OSMemCreate
                0x00808820                OSMemGet
                0x00808924                OSMemNameGet
                0x00808a30                OSMemNameSet
                0x00808b50                OSMemPut
                0x00808c40                OSMemQuery
                0x00808d3c                OS_MemInit
 .text          0x00808e10     0x1334 ../Midi_Controller_bsp\libucosii_bsp.a(os_q.o)
                0x00808e10                OSQAccept
                0x00808f64                OSQCreate
                0x00809178                OSQDel
                0x00809478                OSQFlush
                0x00809540                OSQPend
                0x00809860                OSQPendAbort
                0x008099dc                OSQPost
                0x00809b5c                OSQPostFront
                0x00809ce4                OSQPostOpt
                0x00809f18                OSQQuery
                0x0080a098                OS_QInit
 .text          0x0080a144      0xbc8 ../Midi_Controller_bsp\libucosii_bsp.a(os_sem.o)
                0x0080a144                OSSemAccept
                0x0080a204                OSSemCreate
                0x0080a318                OSSemDel
                0x0080a5b8                OSSemPend
                0x0080a834                OSSemPendAbort
                0x0080a9b0                OSSemPost
                0x0080aad8                OSSemQuery
                0x0080ac08                OSSemSet
 .text          0x0080ad0c     0x1a40 ../Midi_Controller_bsp\libucosii_bsp.a(os_task.o)
                0x0080ad0c                OSTaskChangePrio
                0x0080b280                OSTaskCreate
                0x0080b454                OSTaskCreateExt
                0x0080b654                OSTaskDel
                0x0080ba60                OSTaskDelReq
                0x0080bbd0                OSTaskNameGet
                0x0080bd88                OSTaskNameSet
                0x0080bf4c                OSTaskResume
                0x0080c164                OSTaskStkChk
                0x0080c360                OSTaskSuspend
                0x0080c58c                OSTaskQuery
                0x0080c6d0                OS_TaskStkClr
 .text          0x0080c74c      0x5b4 ../Midi_Controller_bsp\libucosii_bsp.a(os_time.o)
                0x0080c74c                OSTimeDly
                0x0080c898                OSTimeDlyHMSM
                0x0080ca28                OSTimeDlyResume
                0x0080cc38                OSTimeGet
                0x0080cc9c                OSTimeSet
 .text          0x0080cd00      0x100 ../Midi_Controller_bsp\libucosii_bsp.a(alt_sys_init.o)
                0x0080cd00                alt_irq_init
                0x0080cd34                alt_sys_init
 .text          0x0080ce00      0x148 ../Midi_Controller_bsp\libucosii_bsp.a(altera_avalon_jtag_uart_fd.o)
                0x0080ce00                altera_avalon_jtag_uart_read_fd
                0x0080ce58                altera_avalon_jtag_uart_write_fd
                0x0080ceb0                altera_avalon_jtag_uart_close_fd
                0x0080cef8                altera_avalon_jtag_uart_ioctl_fd
 .text          0x0080cf48      0x584 ../Midi_Controller_bsp\libucosii_bsp.a(altera_avalon_jtag_uart_init.o)
                0x0080cf48                altera_avalon_jtag_uart_init
                0x0080d458                altera_avalon_jtag_uart_close
 .text          0x0080d4cc       0xf4 ../Midi_Controller_bsp\libucosii_bsp.a(altera_avalon_jtag_uart_ioctl.o)
                0x0080d4cc                altera_avalon_jtag_uart_ioctl
 .text          0x0080d5c0      0x2c0 ../Midi_Controller_bsp\libucosii_bsp.a(altera_avalon_jtag_uart_read.o)
                0x0080d5c0                altera_avalon_jtag_uart_read
 .text          0x0080d880      0x2dc ../Midi_Controller_bsp\libucosii_bsp.a(altera_avalon_jtag_uart_write.o)
                0x0080d880                altera_avalon_jtag_uart_write
 .text          0x0080db5c      0xfd4 ../Midi_Controller_bsp\libucosii_bsp.a(altera_avalon_lcd_16207.o)
                0x0080e398                altera_avalon_lcd_16207_write
                0x0080e9cc                altera_avalon_lcd_16207_init
 .text          0x0080eb30       0x58 ../Midi_Controller_bsp\libucosii_bsp.a(altera_avalon_lcd_16207_fd.o)
                0x0080eb30                altera_avalon_lcd_16207_write_fd
 .text          0x0080eb88      0x100 ../Midi_Controller_bsp\libucosii_bsp.a(altera_avalon_timer_sc.o)
                0x0080ebf8                alt_avalon_timer_sc_init
 .text          0x0080ec88       0xf8 ../Midi_Controller_bsp\libucosii_bsp.a(altera_avalon_uart_fd.o)
                0x0080ec88                altera_avalon_uart_read_fd
                0x0080ece0                altera_avalon_uart_write_fd
                0x0080ed38                altera_avalon_uart_close_fd
 .text          0x0080ed80      0x57c ../Midi_Controller_bsp\libucosii_bsp.a(altera_avalon_uart_init.o)
                0x0080ed80                altera_avalon_uart_init
                0x0080f29c                altera_avalon_uart_close
 .text          0x0080f2fc      0x310 ../Midi_Controller_bsp\libucosii_bsp.a(altera_avalon_uart_read.o)
                0x0080f2fc                altera_avalon_uart_read
 .text          0x0080f60c      0x2a8 ../Midi_Controller_bsp\libucosii_bsp.a(altera_avalon_uart_write.o)
                0x0080f60c                altera_avalon_uart_write
 .text          0x0080f8b4      0x154 ../Midi_Controller_bsp\libucosii_bsp.a(alt_alarm_start.o)
                0x0080f8b4                alt_alarm_start
 .text          0x0080fa08       0x1c ../Midi_Controller_bsp\libucosii_bsp.a(alt_dcache_flush_all.o)
                0x0080fa08                alt_dcache_flush_all
 .text          0x0080fa24      0x114 ../Midi_Controller_bsp\libucosii_bsp.a(alt_dev_llist_insert.o)
                0x0080fa24                alt_dev_llist_insert
 .text          0x0080fb38       0x64 ../Midi_Controller_bsp\libucosii_bsp.a(alt_do_ctors.o)
                0x0080fb38                _do_ctors
 .text          0x0080fb9c       0x64 ../Midi_Controller_bsp\libucosii_bsp.a(alt_do_dtors.o)
                0x0080fb9c                _do_dtors
 .text          0x0080fc00       0x94 ../Midi_Controller_bsp\libucosii_bsp.a(alt_find_dev.o)
                0x0080fc00                alt_find_dev
 .text          0x0080fc94      0x120 ../Midi_Controller_bsp\libucosii_bsp.a(alt_find_file.o)
                0x0080fc94                alt_find_file
 .text          0x0080fdb4      0x104 ../Midi_Controller_bsp\libucosii_bsp.a(alt_get_fd.o)
                0x0080fdb4                alt_get_fd
 .text          0x0080feb8       0x1c ../Midi_Controller_bsp\libucosii_bsp.a(alt_icache_flush_all.o)
                0x0080feb8                alt_icache_flush_all
 .text          0x0080fed4      0x1d4 ../Midi_Controller_bsp\libucosii_bsp.a(alt_iic.o)
                0x0080fed4                alt_ic_isr_register
                0x0080ff24                alt_ic_irq_enable
                0x0080ffc0                alt_ic_irq_disable
                0x00810060                alt_ic_irq_enabled
 .text          0x008100a8       0xf8 ../Midi_Controller_bsp\libucosii_bsp.a(alt_iic_isr_register.o)
                0x008100a8                alt_iic_isr_register
 .text          0x008101a0      0x150 ../Midi_Controller_bsp\libucosii_bsp.a(alt_io_redirect.o)
                0x00810278                alt_io_redirect
 .text          0x008102f0        0x0 ../Midi_Controller_bsp\libucosii_bsp.a(alt_irq_entry.o)
 .text          0x008102f0        0x0 ../Midi_Controller_bsp\libucosii_bsp.a(alt_irq_handler.o)
 .text          0x008102f0        0x0 ../Midi_Controller_bsp\libucosii_bsp.a(alt_irq_vars.o)
 .text          0x008102f0      0x1a8 ../Midi_Controller_bsp\libucosii_bsp.a(alt_tick.o)
                0x008102f0                alt_alarm_stop
                0x00810388                alt_tick
 .text          0x00810498      0x120 ../Midi_Controller_bsp\libucosii_bsp.a(alt_usleep.o)
                0x00810498                usleep
 .text          0x008105b8       0x20 ../Midi_Controller_bsp\libucosii_bsp.a(altera_nios2_irq.o)
                0x008105b8                altera_nios2_irq_init
 .text          0x008105d8       0xd0 ../Midi_Controller_bsp\libucosii_bsp.a(os_cpu_a.o)
                0x008105d8                OSCtxSw
                0x008105d8                OSIntCtxSw
                0x00810664                OSStartHighRdy
                0x00810684                OSStartTsk
 .text          0x008106a8      0x418 ../Midi_Controller_bsp\libucosii_bsp.a(os_cpu_c.o)
                0x008106a8                OSTaskStkInit
                0x008109b8                OSTaskCreateHook
                0x008109d8                OSTaskDelHook
                0x008109f8                OSTaskSwHook
                0x00810a14                OSTaskStatHook
                0x00810a30                OSTimeTickHook
                0x00810a4c                OSInitHookBegin
                0x00810a68                OSInitHookEnd
                0x00810a84                OSTaskIdleHook
                0x00810aa0                OSTCBInitHook
 .text          0x00810ac0      0x15c ../Midi_Controller_bsp\libucosii_bsp.a(alt_busy_sleep.o)
                0x00810ac0                alt_busy_sleep
 .text          0x00810c1c        0x0 ../Midi_Controller_bsp\libucosii_bsp.a(alt_exception_entry.o)
 .text          0x00810c1c       0x14 c:/altera/10.1sp1/nios2eds/bin/gnu/h-i686-mingw32/bin/../lib/gcc/nios2-elf/4.1.2/../../../../nios2-elf/lib/mno-hw-mul\libc.a(lib_a-atexit.o)
                0x00810c1c                atexit
 .text          0x00810c30        0x0 c:/altera/10.1sp1/nios2eds/bin/gnu/h-i686-mingw32/bin/../lib/gcc/nios2-elf/4.1.2/../../../../nios2-elf/lib/mno-hw-mul\libc.a(lib_a-ctype_.o)
 .text          0x00810c30       0x38 c:/altera/10.1sp1/nios2eds/bin/gnu/h-i686-mingw32/bin/../lib/gcc/nios2-elf/4.1.2/../../../../nios2-elf/lib/mno-hw-mul\libc.a(lib_a-exit.o)
                0x00810c30                exit
 .text          0x00810c68       0x74 c:/altera/10.1sp1/nios2eds/bin/gnu/h-i686-mingw32/bin/../lib/gcc/nios2-elf/4.1.2/../../../../nios2-elf/lib/mno-hw-mul\libc.a(lib_a-memcmp.o)
                0x00810c68                memcmp
 .text          0x00810cdc      0x134 c:/altera/10.1sp1/nios2eds/bin/gnu/h-i686-mingw32/bin/../lib/gcc/nios2-elf/4.1.2/../../../../nios2-elf/lib/mno-hw-mul\libc.a(lib_a-__atexit.o)
                0x00810cdc                __register_exitproc
 .text          0x00810e10      0x1b4 c:/altera/10.1sp1/nios2eds/bin/gnu/h-i686-mingw32/bin/../lib/gcc/nios2-elf/4.1.2/../../../../nios2-elf/lib/mno-hw-mul\libc.a(lib_a-__call_atexit.o)
                0x00810e14                __call_exitprocs
 .text          0x00810fc4      0x14c c:/altera/10.1sp1/nios2eds/bin/gnu/h-i686-mingw32/bin/../lib/gcc/nios2-elf/4.1.2/mno-hw-mul\libgcc.a(lib2-divmod.o)
                0x00811040                __divsi3
                0x008110a0                __modsi3
                0x00811100                __udivsi3
                0x00811108                __umodsi3
 .text          0x00811110       0x6c ../Midi_Controller_bsp\libucosii_bsp.a(alt_exit.o)
                0x00811150                _exit
 *(.gnu.warning.*)
 *(.fini)
                0x0081117c                PROVIDE (__etext, ABSOLUTE (.))
                0x0081117c                PROVIDE (_etext, ABSOLUTE (.))
                0x0081117c                PROVIDE (etext, ABSOLUTE (.))
 *(.eh_frame_hdr)
                0x0081117c                . = ALIGN (0x4)
                0x0081117c                PROVIDE (__preinit_array_start, ABSOLUTE (.))
 *(.preinit_array)
                0x0081117c                PROVIDE (__preinit_array_end, ABSOLUTE (.))
                0x0081117c                PROVIDE (__init_array_start, ABSOLUTE (.))
 *(.init_array)
                0x0081117c                PROVIDE (__init_array_end, ABSOLUTE (.))
                0x0081117c                PROVIDE (__fini_array_start, ABSOLUTE (.))
 *(.fini_array)
                0x0081117c                PROVIDE (__fini_array_end, ABSOLUTE (.))
 *(.eh_frame)
 *(.gcc_except_table)
 *(.dynamic)
                0x0081117c                PROVIDE (__CTOR_LIST__, ABSOLUTE (.))
 *(.ctors)
 *(SORT(.ctors.*))
 .ctors.65535   0x0081117c        0x4 c:/altera/10.1sp1/nios2eds/bin/gnu/h-i686-mingw32/bin/../lib/gcc/nios2-elf/4.1.2/../../../../nios2-elf/lib/mno-hw-mul\libc.a(lib_a-__call_atexit.o)
                0x00811180                PROVIDE (__CTOR_END__, ABSOLUTE (.))
                0x00811180                PROVIDE (__DTOR_LIST__, ABSOLUTE (.))
 *(.dtors)
 *(SORT(.dtors.*))
                0x00811180                PROVIDE (__DTOR_END__, ABSOLUTE (.))
 *(.jcr)
                0x00811180                . = ALIGN (0x4)

.rodata         0x00811180      0x448
                0x00811180                PROVIDE (__ram_rodata_start, ABSOLUTE (.))
                0x00811180                . = ALIGN (0x4)
 *(.rodata .rodata.* .gnu.linkonce.r.*)
 .rodata        0x00811180       0x48 obj/hello_ucosii.o
 .rodata.str1.4
                0x008111c8        0x2 c:/altera/10.1sp1/nios2eds/bin/gnu/h-i686-mingw32/bin/../lib/gcc/nios2-elf/4.1.2/../../../../nios2-elf/lib/mno-hw-mul\libc.a(lib_a-impure.o)
                                  0x4 (size before relaxing)
 *fill*         0x008111ca        0x2 00
 .rodata.str1.4
                0x008111cc        0x4 c:/altera/10.1sp1/nios2eds/bin/gnu/h-i686-mingw32/bin/../lib/gcc/nios2-elf/4.1.2/../../../../nios2-elf/lib/mno-hw-mul\libc.a(lib_a-puts.o)
 .rodata        0x008111d0        0xc ../Midi_Controller_bsp\libucosii_bsp.a(alt_dev.o)
 .rodata        0x008111dc       0x14 ../Midi_Controller_bsp\libucosii_bsp.a(alt_main.o)
 .rodata        0x008111f0      0x120 ../Midi_Controller_bsp\libucosii_bsp.a(os_core.o)
                0x008111f0                OSUnMapTbl
 .rodata        0x00811310       0x30 ../Midi_Controller_bsp\libucosii_bsp.a(alt_sys_init.o)
 .rodata        0x00811340        0x4 ../Midi_Controller_bsp\libucosii_bsp.a(os_cpu_c.o)
 .rodata        0x00811344      0x281 c:/altera/10.1sp1/nios2eds/bin/gnu/h-i686-mingw32/bin/../lib/gcc/nios2-elf/4.1.2/../../../../nios2-elf/lib/mno-hw-mul\libc.a(lib_a-ctype_.o)
                0x00811344                _ctype_
 *(.rodata1)
                0x008115c8                . = ALIGN (0x4)
 *fill*         0x008115c5        0x3 00
                0x008115c8                PROVIDE (__ram_rodata_end, ABSOLUTE (.))
                0x00811180                PROVIDE (__flash_rodata_start, LOADADDR (.rodata))

.rwdata         0x008115c8     0x1ccc load address 0x00813294
                0x008115c8                PROVIDE (__ram_rwdata_start, ABSOLUTE (.))
                0x008115c8                . = ALIGN (0x4)
 *(.got.plt)
 *(.got)
 *(.data1)
 *(.data .data.* .gnu.linkonce.d.*)
 .data          0x008115c8        0x0 ../Midi_Controller_bsp/obj/HAL/src/crt0.o
 .data          0x008115c8        0x0 obj/hello_ucosii.o
 .data          0x008115c8        0x0 c:/altera/10.1sp1/nios2eds/bin/gnu/h-i686-mingw32/bin/../lib/gcc/nios2-elf/4.1.2/../../../../nios2-elf/lib/mno-hw-mul\libc.a(lib_a-fgetc.o)
 .data          0x008115c8        0x0 c:/altera/10.1sp1/nios2eds/bin/gnu/h-i686-mingw32/bin/../lib/gcc/nios2-elf/4.1.2/../../../../nios2-elf/lib/mno-hw-mul\libc.a(lib_a-findfp.o)
 .data          0x008115c8        0x0 c:/altera/10.1sp1/nios2eds/bin/gnu/h-i686-mingw32/bin/../lib/gcc/nios2-elf/4.1.2/../../../../nios2-elf/lib/mno-hw-mul\libc.a(lib_a-fopen.o)
 .data          0x008115c8        0x0 c:/altera/10.1sp1/nios2eds/bin/gnu/h-i686-mingw32/bin/../lib/gcc/nios2-elf/4.1.2/../../../../nios2-elf/lib/mno-hw-mul\libc.a(lib_a-fseek.o)
 .data          0x008115c8        0x0 c:/altera/10.1sp1/nios2eds/bin/gnu/h-i686-mingw32/bin/../lib/gcc/nios2-elf/4.1.2/../../../../nios2-elf/lib/mno-hw-mul\libc.a(lib_a-fstatr.o)
 .data          0x008115c8        0x0 c:/altera/10.1sp1/nios2eds/bin/gnu/h-i686-mingw32/bin/../lib/gcc/nios2-elf/4.1.2/../../../../nios2-elf/lib/mno-hw-mul\libc.a(lib_a-fwalk.o)
 .data          0x008115c8      0x400 c:/altera/10.1sp1/nios2eds/bin/gnu/h-i686-mingw32/bin/../lib/gcc/nios2-elf/4.1.2/../../../../nios2-elf/lib/mno-hw-mul\libc.a(lib_a-impure.o)
 .data          0x008119c8        0x0 c:/altera/10.1sp1/nios2eds/bin/gnu/h-i686-mingw32/bin/../lib/gcc/nios2-elf/4.1.2/../../../../nios2-elf/lib/mno-hw-mul\libc.a(lib_a-int_errno.o)
 .data          0x008119c8        0x0 c:/altera/10.1sp1/nios2eds/bin/gnu/h-i686-mingw32/bin/../lib/gcc/nios2-elf/4.1.2/../../../../nios2-elf/lib/mno-hw-mul\libc.a(lib_a-makebuf.o)
 .data          0x008119c8        0x0 c:/altera/10.1sp1/nios2eds/bin/gnu/h-i686-mingw32/bin/../lib/gcc/nios2-elf/4.1.2/../../../../nios2-elf/lib/mno-hw-mul\libc.a(lib_a-malloc.o)
 .data          0x008119c8      0x408 c:/altera/10.1sp1/nios2eds/bin/gnu/h-i686-mingw32/bin/../lib/gcc/nios2-elf/4.1.2/../../../../nios2-elf/lib/mno-hw-mul\libc.a(lib_a-mallocr.o)
                0x008119c8                __malloc_av_
 .data          0x00811dd0        0x0 c:/altera/10.1sp1/nios2eds/bin/gnu/h-i686-mingw32/bin/../lib/gcc/nios2-elf/4.1.2/../../../../nios2-elf/lib/mno-hw-mul\libc.a(lib_a-memset.o)
 .data          0x00811dd0        0x0 c:/altera/10.1sp1/nios2eds/bin/gnu/h-i686-mingw32/bin/../lib/gcc/nios2-elf/4.1.2/../../../../nios2-elf/lib/mno-hw-mul\libc.a(lib_a-openr.o)
 .data          0x00811dd0        0x0 c:/altera/10.1sp1/nios2eds/bin/gnu/h-i686-mingw32/bin/../lib/gcc/nios2-elf/4.1.2/../../../../nios2-elf/lib/mno-hw-mul\libc.a(lib_a-puts.o)
 .data          0x00811dd0        0x0 c:/altera/10.1sp1/nios2eds/bin/gnu/h-i686-mingw32/bin/../lib/gcc/nios2-elf/4.1.2/../../../../nios2-elf/lib/mno-hw-mul\libc.a(lib_a-refill.o)
 .data          0x00811dd0        0x0 c:/altera/10.1sp1/nios2eds/bin/gnu/h-i686-mingw32/bin/../lib/gcc/nios2-elf/4.1.2/../../../../nios2-elf/lib/mno-hw-mul\libc.a(lib_a-rget.o)
 .data          0x00811dd0        0x0 c:/altera/10.1sp1/nios2eds/bin/gnu/h-i686-mingw32/bin/../lib/gcc/nios2-elf/4.1.2/../../../../nios2-elf/lib/mno-hw-mul\libc.a(lib_a-sbrkr.o)
 .data          0x00811dd0        0x0 c:/altera/10.1sp1/nios2eds/bin/gnu/h-i686-mingw32/bin/../lib/gcc/nios2-elf/4.1.2/../../../../nios2-elf/lib/mno-hw-mul\libc.a(lib_a-stdio.o)
 .data          0x00811dd0        0x0 c:/altera/10.1sp1/nios2eds/bin/gnu/h-i686-mingw32/bin/../lib/gcc/nios2-elf/4.1.2/../../../../nios2-elf/lib/mno-hw-mul\libc.a(lib_a-strlen.o)
 .data          0x00811dd0        0x0 c:/altera/10.1sp1/nios2eds/bin/gnu/h-i686-mingw32/bin/../lib/gcc/nios2-elf/4.1.2/../../../../nios2-elf/lib/mno-hw-mul\libc.a(lib_a-writer.o)
 .data          0x00811dd0        0x0 c:/altera/10.1sp1/nios2eds/bin/gnu/h-i686-mingw32/bin/../lib/gcc/nios2-elf/4.1.2/../../../../nios2-elf/lib/mno-hw-mul\libc.a(lib_a-closer.o)
 .data          0x00811dd0        0x0 c:/altera/10.1sp1/nios2eds/bin/gnu/h-i686-mingw32/bin/../lib/gcc/nios2-elf/4.1.2/../../../../nios2-elf/lib/mno-hw-mul\libc.a(lib_a-fclose.o)
 .data          0x00811dd0        0x0 c:/altera/10.1sp1/nios2eds/bin/gnu/h-i686-mingw32/bin/../lib/gcc/nios2-elf/4.1.2/../../../../nios2-elf/lib/mno-hw-mul\libc.a(lib_a-fflush.o)
 .data          0x00811dd0        0x0 c:/altera/10.1sp1/nios2eds/bin/gnu/h-i686-mingw32/bin/../lib/gcc/nios2-elf/4.1.2/../../../../nios2-elf/lib/mno-hw-mul\libc.a(lib_a-flags.o)
 .data          0x00811dd0        0x0 c:/altera/10.1sp1/nios2eds/bin/gnu/h-i686-mingw32/bin/../lib/gcc/nios2-elf/4.1.2/../../../../nios2-elf/lib/mno-hw-mul\libc.a(lib_a-freer.o)
 .data          0x00811dd0        0x0 c:/altera/10.1sp1/nios2eds/bin/gnu/h-i686-mingw32/bin/../lib/gcc/nios2-elf/4.1.2/../../../../nios2-elf/lib/mno-hw-mul\libc.a(lib_a-fvwrite.o)
 .data          0x00811dd0        0x0 c:/altera/10.1sp1/nios2eds/bin/gnu/h-i686-mingw32/bin/../lib/gcc/nios2-elf/4.1.2/../../../../nios2-elf/lib/mno-hw-mul\libc.a(lib_a-isattyr.o)
 .data          0x00811dd0        0x0 c:/altera/10.1sp1/nios2eds/bin/gnu/h-i686-mingw32/bin/../lib/gcc/nios2-elf/4.1.2/../../../../nios2-elf/lib/mno-hw-mul\libc.a(lib_a-lseekr.o)
 .data          0x00811dd0        0x0 c:/altera/10.1sp1/nios2eds/bin/gnu/h-i686-mingw32/bin/../lib/gcc/nios2-elf/4.1.2/../../../../nios2-elf/lib/mno-hw-mul\libc.a(lib_a-memchr.o)
 .data          0x00811dd0        0x0 c:/altera/10.1sp1/nios2eds/bin/gnu/h-i686-mingw32/bin/../lib/gcc/nios2-elf/4.1.2/../../../../nios2-elf/lib/mno-hw-mul\libc.a(lib_a-memcpy.o)
 .data          0x00811dd0        0x0 c:/altera/10.1sp1/nios2eds/bin/gnu/h-i686-mingw32/bin/../lib/gcc/nios2-elf/4.1.2/../../../../nios2-elf/lib/mno-hw-mul\libc.a(lib_a-memmove.o)
 .data          0x00811dd0        0x0 c:/altera/10.1sp1/nios2eds/bin/gnu/h-i686-mingw32/bin/../lib/gcc/nios2-elf/4.1.2/../../../../nios2-elf/lib/mno-hw-mul\libc.a(lib_a-readr.o)
 .data          0x00811dd0        0x0 c:/altera/10.1sp1/nios2eds/bin/gnu/h-i686-mingw32/bin/../lib/gcc/nios2-elf/4.1.2/../../../../nios2-elf/lib/mno-hw-mul\libc.a(lib_a-reallocr.o)
 .data          0x00811dd0        0x0 c:/altera/10.1sp1/nios2eds/bin/gnu/h-i686-mingw32/bin/../lib/gcc/nios2-elf/4.1.2/../../../../nios2-elf/lib/mno-hw-mul\libc.a(lib_a-wsetup.o)
 .data          0x00811dd0        0x0 c:/altera/10.1sp1/nios2eds/bin/gnu/h-i686-mingw32/bin/../lib/gcc/nios2-elf/4.1.2/mno-hw-mul\libgcc.a(lib2-mul.o)
 .data          0x00811dd0        0x0 ../Midi_Controller_bsp\libucosii_bsp.a(alt_close.o)
 .data          0x00811dd0      0x1a8 ../Midi_Controller_bsp\libucosii_bsp.a(alt_dev.o)
                0x00811dd0                alt_dev_null
                0x00811df8                alt_fd_list
 .data          0x00811f78        0x0 ../Midi_Controller_bsp\libucosii_bsp.a(alt_errno.o)
 .data          0x00811f78        0x0 ../Midi_Controller_bsp\libucosii_bsp.a(alt_fstat.o)
 .data          0x00811f78        0x0 ../Midi_Controller_bsp\libucosii_bsp.a(alt_isatty.o)
 .data          0x00811f78        0x0 ../Midi_Controller_bsp\libucosii_bsp.a(alt_load.o)
 .data          0x00811f78        0x0 ../Midi_Controller_bsp\libucosii_bsp.a(alt_lseek.o)
 .data          0x00811f78        0x0 ../Midi_Controller_bsp\libucosii_bsp.a(alt_main.o)
 .data          0x00811f78        0x0 ../Midi_Controller_bsp\libucosii_bsp.a(alt_open.o)
 .data          0x00811f78        0x0 ../Midi_Controller_bsp\libucosii_bsp.a(alt_read.o)
 .data          0x00811f78        0x0 ../Midi_Controller_bsp\libucosii_bsp.a(alt_release_fd.o)
 .data          0x00811f78        0x0 ../Midi_Controller_bsp\libucosii_bsp.a(alt_sbrk.o)
 .data          0x00811f78        0x0 ../Midi_Controller_bsp\libucosii_bsp.a(alt_write.o)
 .data          0x00811f78        0x0 ../Midi_Controller_bsp\libucosii_bsp.a(alt_env_lock.o)
 .data          0x00811f78        0x0 ../Midi_Controller_bsp\libucosii_bsp.a(alt_malloc_lock.o)
 .data          0x00811f78        0x0 ../Midi_Controller_bsp\libucosii_bsp.a(os_core.o)
 .data          0x00811f78        0x0 ../Midi_Controller_bsp\libucosii_bsp.a(os_dbg.o)
 .data          0x00811f78        0x0 ../Midi_Controller_bsp\libucosii_bsp.a(os_flag.o)
 .data          0x00811f78        0x0 ../Midi_Controller_bsp\libucosii_bsp.a(os_mem.o)
 .data          0x00811f78        0x0 ../Midi_Controller_bsp\libucosii_bsp.a(os_q.o)
 .data          0x00811f78        0x0 ../Midi_Controller_bsp\libucosii_bsp.a(os_sem.o)
 .data          0x00811f78        0x0 ../Midi_Controller_bsp\libucosii_bsp.a(os_task.o)
 .data          0x00811f78        0x0 ../Midi_Controller_bsp\libucosii_bsp.a(os_time.o)
 .data          0x00811f78     0x1260 ../Midi_Controller_bsp\libucosii_bsp.a(alt_sys_init.o)
 .data          0x008131d8        0x0 ../Midi_Controller_bsp\libucosii_bsp.a(altera_avalon_jtag_uart_fd.o)
 .data          0x008131d8        0x0 ../Midi_Controller_bsp\libucosii_bsp.a(altera_avalon_jtag_uart_init.o)
 .data          0x008131d8        0x0 ../Midi_Controller_bsp\libucosii_bsp.a(altera_avalon_jtag_uart_ioctl.o)
 .data          0x008131d8        0x0 ../Midi_Controller_bsp\libucosii_bsp.a(altera_avalon_jtag_uart_read.o)
 .data          0x008131d8        0x0 ../Midi_Controller_bsp\libucosii_bsp.a(altera_avalon_jtag_uart_write.o)
 .data          0x008131d8        0x0 ../Midi_Controller_bsp\libucosii_bsp.a(altera_avalon_lcd_16207.o)
 .data          0x008131d8        0x0 ../Midi_Controller_bsp\libucosii_bsp.a(altera_avalon_lcd_16207_fd.o)
 .data          0x008131d8        0x0 ../Midi_Controller_bsp\libucosii_bsp.a(altera_avalon_timer_sc.o)
 .data          0x008131d8        0x0 ../Midi_Controller_bsp\libucosii_bsp.a(altera_avalon_uart_fd.o)
 .data          0x008131d8        0x0 ../Midi_Controller_bsp\libucosii_bsp.a(altera_avalon_uart_init.o)
 .data          0x008131d8        0x0 ../Midi_Controller_bsp\libucosii_bsp.a(altera_avalon_uart_read.o)
 .data          0x008131d8        0x0 ../Midi_Controller_bsp\libucosii_bsp.a(altera_avalon_uart_write.o)
 .data          0x008131d8        0x0 ../Midi_Controller_bsp\libucosii_bsp.a(alt_alarm_start.o)
 .data          0x008131d8        0x0 ../Midi_Controller_bsp\libucosii_bsp.a(alt_dcache_flush_all.o)
 .data          0x008131d8        0x0 ../Midi_Controller_bsp\libucosii_bsp.a(alt_dev_llist_insert.o)
 .data          0x008131d8        0x0 ../Midi_Controller_bsp\libucosii_bsp.a(alt_do_ctors.o)
 .data          0x008131d8        0x0 ../Midi_Controller_bsp\libucosii_bsp.a(alt_do_dtors.o)
 .data          0x008131d8        0x0 ../Midi_Controller_bsp\libucosii_bsp.a(alt_find_dev.o)
 .data          0x008131d8        0x0 ../Midi_Controller_bsp\libucosii_bsp.a(alt_find_file.o)
 .data          0x008131d8        0x0 ../Midi_Controller_bsp\libucosii_bsp.a(alt_get_fd.o)
 .data          0x008131d8        0x0 ../Midi_Controller_bsp\libucosii_bsp.a(alt_icache_flush_all.o)
 .data          0x008131d8        0x0 ../Midi_Controller_bsp\libucosii_bsp.a(alt_iic.o)
 .data          0x008131d8        0x0 ../Midi_Controller_bsp\libucosii_bsp.a(alt_iic_isr_register.o)
 .data          0x008131d8        0x0 ../Midi_Controller_bsp\libucosii_bsp.a(alt_io_redirect.o)
 .data          0x008131d8        0x0 ../Midi_Controller_bsp\libucosii_bsp.a(alt_irq_entry.o)
 .data          0x008131d8        0x0 ../Midi_Controller_bsp\libucosii_bsp.a(alt_irq_handler.o)
 .data          0x008131d8        0x0 ../Midi_Controller_bsp\libucosii_bsp.a(alt_irq_vars.o)
 .data          0x008131d8        0x0 ../Midi_Controller_bsp\libucosii_bsp.a(alt_tick.o)
 .data          0x008131d8        0x0 ../Midi_Controller_bsp\libucosii_bsp.a(alt_usleep.o)
 .data          0x008131d8        0x0 ../Midi_Controller_bsp\libucosii_bsp.a(altera_nios2_irq.o)
 .data          0x008131d8        0x0 ../Midi_Controller_bsp\libucosii_bsp.a(os_cpu_a.o)
 .data          0x008131d8        0x0 ../Midi_Controller_bsp\libucosii_bsp.a(os_cpu_c.o)
 .data          0x008131d8        0x0 ../Midi_Controller_bsp\libucosii_bsp.a(alt_busy_sleep.o)
 .data          0x008131d8        0x0 ../Midi_Controller_bsp\libucosii_bsp.a(alt_exception_entry.o)
 .data          0x008131d8        0x0 c:/altera/10.1sp1/nios2eds/bin/gnu/h-i686-mingw32/bin/../lib/gcc/nios2-elf/4.1.2/../../../../nios2-elf/lib/mno-hw-mul\libc.a(lib_a-atexit.o)
 .data          0x008131d8        0x0 c:/altera/10.1sp1/nios2eds/bin/gnu/h-i686-mingw32/bin/../lib/gcc/nios2-elf/4.1.2/../../../../nios2-elf/lib/mno-hw-mul\libc.a(lib_a-ctype_.o)
 .data          0x008131d8        0x0 c:/altera/10.1sp1/nios2eds/bin/gnu/h-i686-mingw32/bin/../lib/gcc/nios2-elf/4.1.2/../../../../nios2-elf/lib/mno-hw-mul\libc.a(lib_a-exit.o)
 .data          0x008131d8        0x0 c:/altera/10.1sp1/nios2eds/bin/gnu/h-i686-mingw32/bin/../lib/gcc/nios2-elf/4.1.2/../../../../nios2-elf/lib/mno-hw-mul\libc.a(lib_a-memcmp.o)
 .data          0x008131d8        0x0 c:/altera/10.1sp1/nios2eds/bin/gnu/h-i686-mingw32/bin/../lib/gcc/nios2-elf/4.1.2/../../../../nios2-elf/lib/mno-hw-mul\libc.a(lib_a-__atexit.o)
 .data          0x008131d8        0x0 c:/altera/10.1sp1/nios2eds/bin/gnu/h-i686-mingw32/bin/../lib/gcc/nios2-elf/4.1.2/../../../../nios2-elf/lib/mno-hw-mul\libc.a(lib_a-__call_atexit.o)
 .data          0x008131d8        0x0 c:/altera/10.1sp1/nios2eds/bin/gnu/h-i686-mingw32/bin/../lib/gcc/nios2-elf/4.1.2/mno-hw-mul\libgcc.a(lib2-divmod.o)
 .data          0x008131d8        0x0 ../Midi_Controller_bsp\libucosii_bsp.a(alt_exit.o)
                0x0081b1d8                _gp = ABSOLUTE ((. + 0x8000))
                0x0081b1d8                PROVIDE (gp, _gp)
 *(.sdata .sdata.* .gnu.linkonce.s.*)
 .sdata         0x008131d8        0x8 c:/altera/10.1sp1/nios2eds/bin/gnu/h-i686-mingw32/bin/../lib/gcc/nios2-elf/4.1.2/../../../../nios2-elf/lib/mno-hw-mul\libc.a(lib_a-impure.o)
                0x008131d8                _impure_ptr
                0x008131dc                _global_impure_ptr
 .sdata         0x008131e0        0x8 c:/altera/10.1sp1/nios2eds/bin/gnu/h-i686-mingw32/bin/../lib/gcc/nios2-elf/4.1.2/../../../../nios2-elf/lib/mno-hw-mul\libc.a(lib_a-mallocr.o)
                0x008131e0                __malloc_trim_threshold
                0x008131e4                __malloc_sbrk_base
 .sdata         0x008131e8       0x14 ../Midi_Controller_bsp\libucosii_bsp.a(alt_dev.o)
                0x008131e8                alt_fs_list
                0x008131f0                alt_dev_list
                0x008131f8                alt_max_fd
 .sdata         0x008131fc        0x4 ../Midi_Controller_bsp\libucosii_bsp.a(alt_errno.o)
                0x008131fc                alt_errno
 .sdata         0x00813200        0x4 ../Midi_Controller_bsp\libucosii_bsp.a(alt_sbrk.o)
 .sdata         0x00813204        0x4 ../Midi_Controller_bsp\libucosii_bsp.a(alt_env_lock.o)
 .sdata         0x00813208        0x4 ../Midi_Controller_bsp\libucosii_bsp.a(alt_malloc_lock.o)
 .sdata         0x0081320c       0x74 ../Midi_Controller_bsp\libucosii_bsp.a(os_dbg.o)
                0x0081320c                OSDebugEn
                0x00813210                OSEndiannessTest
                0x00813214                OSEventEn
                0x00813216                OSEventMax
                0x00813218                OSEventNameSize
                0x0081321a                OSEventSize
                0x0081321c                OSEventTblSize
                0x0081321e                OSEventMultiEn
                0x00813220                OSFlagEn
                0x00813222                OSFlagGrpSize
                0x00813224                OSFlagNodeSize
                0x00813226                OSFlagWidth
                0x00813228                OSFlagMax
                0x0081322a                OSFlagNameSize
                0x0081322c                OSLowestPrio
                0x0081322e                OSMboxEn
                0x00813230                OSMemEn
                0x00813232                OSMemMax
                0x00813234                OSMemNameSize
                0x00813236                OSMemSize
                0x00813238                OSMemTblSize
                0x0081323a                OSMutexEn
                0x0081323c                OSPtrSize
                0x0081323e                OSQEn
                0x00813240                OSQMax
                0x00813242                OSQSize
                0x00813244                OSRdyTblSize
                0x00813246                OSSemEn
                0x00813248                OSStkWidth
                0x0081324a                OSTaskCreateEn
                0x0081324c                OSTaskCreateExtEn
                0x0081324e                OSTaskDelEn
                0x00813250                OSTaskIdleStkSize
                0x00813252                OSTaskProfileEn
                0x00813254                OSTaskMax
                0x00813256                OSTaskNameSize
                0x00813258                OSTaskStatEn
                0x0081325a                OSTaskStatStkSize
                0x0081325c                OSTaskStatStkChkEn
                0x0081325e                OSTaskSwHookEn
                0x00813260                OSTCBPrioTblMax
                0x00813262                OSTCBSize
                0x00813264                OSTicksPerSec
                0x00813266                OSTimeTickHookEn
                0x00813268                OSVersionNbr
                0x0081326a                OSTmrEn
                0x0081326c                OSTmrCfgMax
                0x0081326e                OSTmrCfgNameSize
                0x00813270                OSTmrCfgWheelSize
                0x00813272                OSTmrCfgTicksPerSec
                0x00813274                OSTmrSize
                0x00813276                OSTmrTblSize
                0x00813278                OSTmrWheelSize
                0x0081327a                OSTmrWheelTblSize
                0x0081327c                OSDataSize
 .sdata         0x00813280        0x4 ../Midi_Controller_bsp\libucosii_bsp.a(altera_avalon_lcd_16207.o)
 .sdata         0x00813284        0x4 ../Midi_Controller_bsp\libucosii_bsp.a(alt_irq_vars.o)
                0x00813284                alt_priority_mask
 .sdata         0x00813288        0x8 ../Midi_Controller_bsp\libucosii_bsp.a(alt_tick.o)
                0x00813288                alt_alarm_list
 .sdata         0x00813290        0x4 c:/altera/10.1sp1/nios2eds/bin/gnu/h-i686-mingw32/bin/../lib/gcc/nios2-elf/4.1.2/../../../../nios2-elf/lib/mno-hw-mul\libc.a(lib_a-ctype_.o)
                0x00813290                __ctype_ptr
 *(.sdata2 .sdata2.* .gnu.linkonce.s2.*)
                0x00813294                . = ALIGN (0x4)
                0x00813294                _edata = ABSOLUTE (.)
                0x00813294                PROVIDE (edata, ABSOLUTE (.))
                0x00813294                PROVIDE (__ram_rwdata_end, ABSOLUTE (.))
                0x00813294                PROVIDE (__flash_rwdata_start, LOADADDR (.rwdata))

.bss            0x00814f60     0x75bc
                0x00814f60                __bss_start = ABSOLUTE (.)
                0x00814f60                PROVIDE (__sbss_start, ABSOLUTE (.))
                0x00814f60                PROVIDE (___sbss_start, ABSOLUTE (.))
 *(.dynsbss)
 *(.sbss .sbss.* .gnu.linkonce.sb.*)
 .sbss          0x00814f60        0x4 obj/hello_ucosii.o
                0x00814f60                qsemMsg
 .sbss          0x00814f64        0x4 c:/altera/10.1sp1/nios2eds/bin/gnu/h-i686-mingw32/bin/../lib/gcc/nios2-elf/4.1.2/../../../../nios2-elf/lib/mno-hw-mul\libc.a(lib_a-int_errno.o)
                0x00814f64                errno
 .sbss          0x00814f68        0xc c:/altera/10.1sp1/nios2eds/bin/gnu/h-i686-mingw32/bin/../lib/gcc/nios2-elf/4.1.2/../../../../nios2-elf/lib/mno-hw-mul\libc.a(lib_a-mallocr.o)
                0x00814f68                __malloc_top_pad
                0x00814f6c                __malloc_max_sbrked_mem
                0x00814f70                __malloc_max_total_mem
 .sbss          0x00814f74        0x4 ../Midi_Controller_bsp\libucosii_bsp.a(alt_dev.o)
                0x00814f74                alt_fd_list_lock
 .sbss          0x00814f78        0xc ../Midi_Controller_bsp\libucosii_bsp.a(alt_main.o)
                0x00814f78                alt_argc
                0x00814f7c                alt_argv
                0x00814f80                alt_envp
 .sbss          0x00814f84        0x8 ../Midi_Controller_bsp\libucosii_bsp.a(alt_env_lock.o)
                0x00814f88                alt_envsem
 .sbss          0x00814f8c        0x8 ../Midi_Controller_bsp\libucosii_bsp.a(alt_malloc_lock.o)
                0x00814f90                alt_heapsem
 .sbss          0x00814f94       0x50 ../Midi_Controller_bsp\libucosii_bsp.a(os_core.o)
                0x00814f94                OSLockNesting
                0x00814f95                OSRunning
                0x00814f98                OSIdleCtr
                0x00814f9c                OSPrioHighRdy
                0x00814f9d                OSPrioCur
                0x00814fa0                OSTCBList
                0x00814fa4                OSTickStepState
                0x00814fa8                OSCtxSwCtr
                0x00814fac                OSIdleCtrMax
                0x00814fb0                OSTCBFreeList
                0x00814fb4                OSCPUUsage
                0x00814fb5                OSTaskCtr
                0x00814fb8                OSMemFreeList
                0x00814fbc                OSTCBHighRdy
                0x00814fc0                OSQFreeList
                0x00814fc4                OSRdyGrp
                0x00814fc5                OSRdyTbl
                0x00814fc8                OSEventFreeList
                0x00814fcc                OSIntNesting
                0x00814fd0                OSTCBCur
                0x00814fd4                OSTime
                0x00814fd8                OSFlagFreeList
                0x00814fdc                OSStatRdy
                0x00814fe0                OSIdleCtrRun
 .sbss          0x00814fe4        0x4 ../Midi_Controller_bsp\libucosii_bsp.a(alt_irq_vars.o)
                0x00814fe4                alt_irq_active
 .sbss          0x00814fe8        0x8 ../Midi_Controller_bsp\libucosii_bsp.a(alt_tick.o)
                0x00814fe8                _alt_tick_rate
                0x00814fec                _alt_nticks
 *(.sbss2 .sbss2.* .gnu.linkonce.sb2.*)
 *(.scommon)
                0x00814ff0                PROVIDE (__sbss_end, ABSOLUTE (.))
                0x00814ff0                PROVIDE (___sbss_end, ABSOLUTE (.))
 *(.dynbss)
 *(.bss .bss.* .gnu.linkonce.b.*)
 .bss           0x00814ff0        0x0 ../Midi_Controller_bsp/obj/HAL/src/crt0.o
 .bss           0x00814ff0        0x0 obj/hello_ucosii.o
 .bss           0x00814ff0        0x0 c:/altera/10.1sp1/nios2eds/bin/gnu/h-i686-mingw32/bin/../lib/gcc/nios2-elf/4.1.2/../../../../nios2-elf/lib/mno-hw-mul\libc.a(lib_a-fgetc.o)
 .bss           0x00814ff0        0x0 c:/altera/10.1sp1/nios2eds/bin/gnu/h-i686-mingw32/bin/../lib/gcc/nios2-elf/4.1.2/../../../../nios2-elf/lib/mno-hw-mul\libc.a(lib_a-findfp.o)
 .bss           0x00814ff0        0x0 c:/altera/10.1sp1/nios2eds/bin/gnu/h-i686-mingw32/bin/../lib/gcc/nios2-elf/4.1.2/../../../../nios2-elf/lib/mno-hw-mul\libc.a(lib_a-fopen.o)
 .bss           0x00814ff0        0x0 c:/altera/10.1sp1/nios2eds/bin/gnu/h-i686-mingw32/bin/../lib/gcc/nios2-elf/4.1.2/../../../../nios2-elf/lib/mno-hw-mul\libc.a(lib_a-fseek.o)
 .bss           0x00814ff0        0x0 c:/altera/10.1sp1/nios2eds/bin/gnu/h-i686-mingw32/bin/../lib/gcc/nios2-elf/4.1.2/../../../../nios2-elf/lib/mno-hw-mul\libc.a(lib_a-fstatr.o)
 .bss           0x00814ff0        0x0 c:/altera/10.1sp1/nios2eds/bin/gnu/h-i686-mingw32/bin/../lib/gcc/nios2-elf/4.1.2/../../../../nios2-elf/lib/mno-hw-mul\libc.a(lib_a-fwalk.o)
 .bss           0x00814ff0        0x0 c:/altera/10.1sp1/nios2eds/bin/gnu/h-i686-mingw32/bin/../lib/gcc/nios2-elf/4.1.2/../../../../nios2-elf/lib/mno-hw-mul\libc.a(lib_a-impure.o)
 .bss           0x00814ff0        0x0 c:/altera/10.1sp1/nios2eds/bin/gnu/h-i686-mingw32/bin/../lib/gcc/nios2-elf/4.1.2/../../../../nios2-elf/lib/mno-hw-mul\libc.a(lib_a-int_errno.o)
 .bss           0x00814ff0        0x0 c:/altera/10.1sp1/nios2eds/bin/gnu/h-i686-mingw32/bin/../lib/gcc/nios2-elf/4.1.2/../../../../nios2-elf/lib/mno-hw-mul\libc.a(lib_a-makebuf.o)
 .bss           0x00814ff0        0x0 c:/altera/10.1sp1/nios2eds/bin/gnu/h-i686-mingw32/bin/../lib/gcc/nios2-elf/4.1.2/../../../../nios2-elf/lib/mno-hw-mul\libc.a(lib_a-malloc.o)
 .bss           0x00814ff0       0x28 c:/altera/10.1sp1/nios2eds/bin/gnu/h-i686-mingw32/bin/../lib/gcc/nios2-elf/4.1.2/../../../../nios2-elf/lib/mno-hw-mul\libc.a(lib_a-mallocr.o)
                0x00814ff0                __malloc_current_mallinfo
 .bss           0x00815018        0x0 c:/altera/10.1sp1/nios2eds/bin/gnu/h-i686-mingw32/bin/../lib/gcc/nios2-elf/4.1.2/../../../../nios2-elf/lib/mno-hw-mul\libc.a(lib_a-memset.o)
 .bss           0x00815018        0x0 c:/altera/10.1sp1/nios2eds/bin/gnu/h-i686-mingw32/bin/../lib/gcc/nios2-elf/4.1.2/../../../../nios2-elf/lib/mno-hw-mul\libc.a(lib_a-openr.o)
 .bss           0x00815018        0x0 c:/altera/10.1sp1/nios2eds/bin/gnu/h-i686-mingw32/bin/../lib/gcc/nios2-elf/4.1.2/../../../../nios2-elf/lib/mno-hw-mul\libc.a(lib_a-puts.o)
 .bss           0x00815018        0x0 c:/altera/10.1sp1/nios2eds/bin/gnu/h-i686-mingw32/bin/../lib/gcc/nios2-elf/4.1.2/../../../../nios2-elf/lib/mno-hw-mul\libc.a(lib_a-refill.o)
 .bss           0x00815018        0x0 c:/altera/10.1sp1/nios2eds/bin/gnu/h-i686-mingw32/bin/../lib/gcc/nios2-elf/4.1.2/../../../../nios2-elf/lib/mno-hw-mul\libc.a(lib_a-rget.o)
 .bss           0x00815018        0x0 c:/altera/10.1sp1/nios2eds/bin/gnu/h-i686-mingw32/bin/../lib/gcc/nios2-elf/4.1.2/../../../../nios2-elf/lib/mno-hw-mul\libc.a(lib_a-sbrkr.o)
 .bss           0x00815018        0x0 c:/altera/10.1sp1/nios2eds/bin/gnu/h-i686-mingw32/bin/../lib/gcc/nios2-elf/4.1.2/../../../../nios2-elf/lib/mno-hw-mul\libc.a(lib_a-stdio.o)
 .bss           0x00815018        0x0 c:/altera/10.1sp1/nios2eds/bin/gnu/h-i686-mingw32/bin/../lib/gcc/nios2-elf/4.1.2/../../../../nios2-elf/lib/mno-hw-mul\libc.a(lib_a-strlen.o)
 .bss           0x00815018        0x0 c:/altera/10.1sp1/nios2eds/bin/gnu/h-i686-mingw32/bin/../lib/gcc/nios2-elf/4.1.2/../../../../nios2-elf/lib/mno-hw-mul\libc.a(lib_a-writer.o)
 .bss           0x00815018        0x0 c:/altera/10.1sp1/nios2eds/bin/gnu/h-i686-mingw32/bin/../lib/gcc/nios2-elf/4.1.2/../../../../nios2-elf/lib/mno-hw-mul\libc.a(lib_a-closer.o)
 .bss           0x00815018        0x0 c:/altera/10.1sp1/nios2eds/bin/gnu/h-i686-mingw32/bin/../lib/gcc/nios2-elf/4.1.2/../../../../nios2-elf/lib/mno-hw-mul\libc.a(lib_a-fclose.o)
 .bss           0x00815018        0x0 c:/altera/10.1sp1/nios2eds/bin/gnu/h-i686-mingw32/bin/../lib/gcc/nios2-elf/4.1.2/../../../../nios2-elf/lib/mno-hw-mul\libc.a(lib_a-fflush.o)
 .bss           0x00815018        0x0 c:/altera/10.1sp1/nios2eds/bin/gnu/h-i686-mingw32/bin/../lib/gcc/nios2-elf/4.1.2/../../../../nios2-elf/lib/mno-hw-mul\libc.a(lib_a-flags.o)
 .bss           0x00815018        0x0 c:/altera/10.1sp1/nios2eds/bin/gnu/h-i686-mingw32/bin/../lib/gcc/nios2-elf/4.1.2/../../../../nios2-elf/lib/mno-hw-mul\libc.a(lib_a-freer.o)
 .bss           0x00815018        0x0 c:/altera/10.1sp1/nios2eds/bin/gnu/h-i686-mingw32/bin/../lib/gcc/nios2-elf/4.1.2/../../../../nios2-elf/lib/mno-hw-mul\libc.a(lib_a-fvwrite.o)
 .bss           0x00815018        0x0 c:/altera/10.1sp1/nios2eds/bin/gnu/h-i686-mingw32/bin/../lib/gcc/nios2-elf/4.1.2/../../../../nios2-elf/lib/mno-hw-mul\libc.a(lib_a-isattyr.o)
 .bss           0x00815018        0x0 c:/altera/10.1sp1/nios2eds/bin/gnu/h-i686-mingw32/bin/../lib/gcc/nios2-elf/4.1.2/../../../../nios2-elf/lib/mno-hw-mul\libc.a(lib_a-lseekr.o)
 .bss           0x00815018        0x0 c:/altera/10.1sp1/nios2eds/bin/gnu/h-i686-mingw32/bin/../lib/gcc/nios2-elf/4.1.2/../../../../nios2-elf/lib/mno-hw-mul\libc.a(lib_a-memchr.o)
 .bss           0x00815018        0x0 c:/altera/10.1sp1/nios2eds/bin/gnu/h-i686-mingw32/bin/../lib/gcc/nios2-elf/4.1.2/../../../../nios2-elf/lib/mno-hw-mul\libc.a(lib_a-memcpy.o)
 .bss           0x00815018        0x0 c:/altera/10.1sp1/nios2eds/bin/gnu/h-i686-mingw32/bin/../lib/gcc/nios2-elf/4.1.2/../../../../nios2-elf/lib/mno-hw-mul\libc.a(lib_a-memmove.o)
 .bss           0x00815018        0x0 c:/altera/10.1sp1/nios2eds/bin/gnu/h-i686-mingw32/bin/../lib/gcc/nios2-elf/4.1.2/../../../../nios2-elf/lib/mno-hw-mul\libc.a(lib_a-readr.o)
 .bss           0x00815018        0x0 c:/altera/10.1sp1/nios2eds/bin/gnu/h-i686-mingw32/bin/../lib/gcc/nios2-elf/4.1.2/../../../../nios2-elf/lib/mno-hw-mul\libc.a(lib_a-reallocr.o)
 .bss           0x00815018        0x0 c:/altera/10.1sp1/nios2eds/bin/gnu/h-i686-mingw32/bin/../lib/gcc/nios2-elf/4.1.2/../../../../nios2-elf/lib/mno-hw-mul\libc.a(lib_a-wsetup.o)
 .bss           0x00815018        0x0 c:/altera/10.1sp1/nios2eds/bin/gnu/h-i686-mingw32/bin/../lib/gcc/nios2-elf/4.1.2/mno-hw-mul\libgcc.a(lib2-mul.o)
 .bss           0x00815018        0x0 ../Midi_Controller_bsp\libucosii_bsp.a(alt_close.o)
 .bss           0x00815018        0x0 ../Midi_Controller_bsp\libucosii_bsp.a(alt_dev.o)
 .bss           0x00815018        0x0 ../Midi_Controller_bsp\libucosii_bsp.a(alt_errno.o)
 .bss           0x00815018        0x0 ../Midi_Controller_bsp\libucosii_bsp.a(alt_fstat.o)
 .bss           0x00815018        0x0 ../Midi_Controller_bsp\libucosii_bsp.a(alt_isatty.o)
 .bss           0x00815018        0x0 ../Midi_Controller_bsp\libucosii_bsp.a(alt_load.o)
 .bss           0x00815018        0x0 ../Midi_Controller_bsp\libucosii_bsp.a(alt_lseek.o)
 .bss           0x00815018        0x0 ../Midi_Controller_bsp\libucosii_bsp.a(alt_main.o)
 .bss           0x00815018        0x0 ../Midi_Controller_bsp\libucosii_bsp.a(alt_open.o)
 .bss           0x00815018        0x0 ../Midi_Controller_bsp\libucosii_bsp.a(alt_read.o)
 .bss           0x00815018        0x0 ../Midi_Controller_bsp\libucosii_bsp.a(alt_release_fd.o)
 .bss           0x00815018        0x0 ../Midi_Controller_bsp\libucosii_bsp.a(alt_sbrk.o)
 .bss           0x00815018        0x0 ../Midi_Controller_bsp\libucosii_bsp.a(alt_write.o)
 .bss           0x00815018        0x0 ../Midi_Controller_bsp\libucosii_bsp.a(alt_env_lock.o)
 .bss           0x00815018        0x0 ../Midi_Controller_bsp\libucosii_bsp.a(alt_malloc_lock.o)
 .bss           0x00815018        0x0 ../Midi_Controller_bsp\libucosii_bsp.a(os_core.o)
 .bss           0x00815018        0x0 ../Midi_Controller_bsp\libucosii_bsp.a(os_dbg.o)
 .bss           0x00815018        0x0 ../Midi_Controller_bsp\libucosii_bsp.a(os_flag.o)
 .bss           0x00815018        0x0 ../Midi_Controller_bsp\libucosii_bsp.a(os_mem.o)
 .bss           0x00815018        0x0 ../Midi_Controller_bsp\libucosii_bsp.a(os_q.o)
 .bss           0x00815018        0x0 ../Midi_Controller_bsp\libucosii_bsp.a(os_sem.o)
 .bss           0x00815018        0x0 ../Midi_Controller_bsp\libucosii_bsp.a(os_task.o)
 .bss           0x00815018        0x0 ../Midi_Controller_bsp\libucosii_bsp.a(os_time.o)
 .bss           0x00815018        0x0 ../Midi_Controller_bsp\libucosii_bsp.a(alt_sys_init.o)
 .bss           0x00815018        0x0 ../Midi_Controller_bsp\libucosii_bsp.a(altera_avalon_jtag_uart_fd.o)
 .bss           0x00815018        0x0 ../Midi_Controller_bsp\libucosii_bsp.a(altera_avalon_jtag_uart_init.o)
 .bss           0x00815018        0x0 ../Midi_Controller_bsp\libucosii_bsp.a(altera_avalon_jtag_uart_ioctl.o)
 .bss           0x00815018        0x0 ../Midi_Controller_bsp\libucosii_bsp.a(altera_avalon_jtag_uart_read.o)
 .bss           0x00815018        0x0 ../Midi_Controller_bsp\libucosii_bsp.a(altera_avalon_jtag_uart_write.o)
 .bss           0x00815018        0x0 ../Midi_Controller_bsp\libucosii_bsp.a(altera_avalon_lcd_16207.o)
 .bss           0x00815018        0x0 ../Midi_Controller_bsp\libucosii_bsp.a(altera_avalon_lcd_16207_fd.o)
 .bss           0x00815018        0x0 ../Midi_Controller_bsp\libucosii_bsp.a(altera_avalon_timer_sc.o)
 .bss           0x00815018        0x0 ../Midi_Controller_bsp\libucosii_bsp.a(altera_avalon_uart_fd.o)
 .bss           0x00815018        0x0 ../Midi_Controller_bsp\libucosii_bsp.a(altera_avalon_uart_init.o)
 .bss           0x00815018        0x0 ../Midi_Controller_bsp\libucosii_bsp.a(altera_avalon_uart_read.o)
 .bss           0x00815018        0x0 ../Midi_Controller_bsp\libucosii_bsp.a(altera_avalon_uart_write.o)
 .bss           0x00815018        0x0 ../Midi_Controller_bsp\libucosii_bsp.a(alt_alarm_start.o)
 .bss           0x00815018        0x0 ../Midi_Controller_bsp\libucosii_bsp.a(alt_dcache_flush_all.o)
 .bss           0x00815018        0x0 ../Midi_Controller_bsp\libucosii_bsp.a(alt_dev_llist_insert.o)
 .bss           0x00815018        0x0 ../Midi_Controller_bsp\libucosii_bsp.a(alt_do_ctors.o)
 .bss           0x00815018        0x0 ../Midi_Controller_bsp\libucosii_bsp.a(alt_do_dtors.o)
 .bss           0x00815018        0x0 ../Midi_Controller_bsp\libucosii_bsp.a(alt_find_dev.o)
 .bss           0x00815018        0x0 ../Midi_Controller_bsp\libucosii_bsp.a(alt_find_file.o)
 .bss           0x00815018        0x0 ../Midi_Controller_bsp\libucosii_bsp.a(alt_get_fd.o)
 .bss           0x00815018        0x0 ../Midi_Controller_bsp\libucosii_bsp.a(alt_icache_flush_all.o)
 .bss           0x00815018        0x0 ../Midi_Controller_bsp\libucosii_bsp.a(alt_iic.o)
 .bss           0x00815018        0x0 ../Midi_Controller_bsp\libucosii_bsp.a(alt_iic_isr_register.o)
 .bss           0x00815018        0x0 ../Midi_Controller_bsp\libucosii_bsp.a(alt_io_redirect.o)
 .bss           0x00815018        0x0 ../Midi_Controller_bsp\libucosii_bsp.a(alt_irq_entry.o)
 .bss           0x00815018        0x0 ../Midi_Controller_bsp\libucosii_bsp.a(alt_irq_handler.o)
 .bss           0x00815018        0x0 ../Midi_Controller_bsp\libucosii_bsp.a(alt_irq_vars.o)
 .bss           0x00815018        0x0 ../Midi_Controller_bsp\libucosii_bsp.a(alt_tick.o)
 .bss           0x00815018        0x0 ../Midi_Controller_bsp\libucosii_bsp.a(alt_usleep.o)
 .bss           0x00815018        0x0 ../Midi_Controller_bsp\libucosii_bsp.a(altera_nios2_irq.o)
 .bss           0x00815018        0x0 ../Midi_Controller_bsp\libucosii_bsp.a(os_cpu_a.o)
 .bss           0x00815018        0x0 ../Midi_Controller_bsp\libucosii_bsp.a(os_cpu_c.o)
 .bss           0x00815018        0x0 ../Midi_Controller_bsp\libucosii_bsp.a(alt_busy_sleep.o)
 .bss           0x00815018        0x0 ../Midi_Controller_bsp\libucosii_bsp.a(alt_exception_entry.o)
 .bss           0x00815018        0x0 c:/altera/10.1sp1/nios2eds/bin/gnu/h-i686-mingw32/bin/../lib/gcc/nios2-elf/4.1.2/../../../../nios2-elf/lib/mno-hw-mul\libc.a(lib_a-atexit.o)
 .bss           0x00815018        0x0 c:/altera/10.1sp1/nios2eds/bin/gnu/h-i686-mingw32/bin/../lib/gcc/nios2-elf/4.1.2/../../../../nios2-elf/lib/mno-hw-mul\libc.a(lib_a-ctype_.o)
 .bss           0x00815018        0x0 c:/altera/10.1sp1/nios2eds/bin/gnu/h-i686-mingw32/bin/../lib/gcc/nios2-elf/4.1.2/../../../../nios2-elf/lib/mno-hw-mul\libc.a(lib_a-exit.o)
 .bss           0x00815018        0x0 c:/altera/10.1sp1/nios2eds/bin/gnu/h-i686-mingw32/bin/../lib/gcc/nios2-elf/4.1.2/../../../../nios2-elf/lib/mno-hw-mul\libc.a(lib_a-memcmp.o)
 .bss           0x00815018        0x0 c:/altera/10.1sp1/nios2eds/bin/gnu/h-i686-mingw32/bin/../lib/gcc/nios2-elf/4.1.2/../../../../nios2-elf/lib/mno-hw-mul\libc.a(lib_a-__atexit.o)
 .bss           0x00815018        0x0 c:/altera/10.1sp1/nios2eds/bin/gnu/h-i686-mingw32/bin/../lib/gcc/nios2-elf/4.1.2/../../../../nios2-elf/lib/mno-hw-mul\libc.a(lib_a-__call_atexit.o)
 .bss           0x00815018        0x0 c:/altera/10.1sp1/nios2eds/bin/gnu/h-i686-mingw32/bin/../lib/gcc/nios2-elf/4.1.2/mno-hw-mul\libgcc.a(lib2-divmod.o)
 .bss           0x00815018        0x0 ../Midi_Controller_bsp\libucosii_bsp.a(alt_exit.o)
 *(COMMON)
 COMMON         0x00815018     0x4050 obj/hello_ucosii.o
                0x00815018                task1_stk
                0x00817018                task2_stk
                0x00819018                qMessages
 COMMON         0x00819068     0x3224 ../Midi_Controller_bsp\libucosii_bsp.a(os_core.o)
                0x00819068                OSFlagTbl
                0x008193d8                OSMemTbl
                0x0081a008                OSTaskStatStk
                0x0081a808                OSQTbl
                0x0081a9e8                OSTaskIdleStk
                0x0081b1e8                OSEventTbl
                0x0081bd28                OSTCBTbl
                0x0081c238                OSTCBPrioTbl
 COMMON         0x0081c28c      0x100 ../Midi_Controller_bsp\libucosii_bsp.a(alt_irq_handler.o)
                0x0081c28c                alt_irq
 COMMON         0x0081c38c      0x190 c:/altera/10.1sp1/nios2eds/bin/gnu/h-i686-mingw32/bin/../lib/gcc/nios2-elf/4.1.2/../../../../nios2-elf/lib/mno-hw-mul\libc.a(lib_a-atexit.o)
                0x0081c38c                _atexit0
                0x0081c51c                . = ALIGN (0x4)
                0x0081c51c                __bss_end = ABSOLUTE (.)

.sdram_0        0x0081c51c        0x0
                0x0081c51c                PROVIDE (_alt_partition_sdram_0_start, ABSOLUTE (.))
 *(.sdram_0. sdram_0.*)
                0x0081c51c                . = ALIGN (0x4)
                0x0081c51c                PROVIDE (_alt_partition_sdram_0_end, ABSOLUTE (.))
                0x0081c51c                _end = ABSOLUTE (.)
                0x0081c51c                end = ABSOLUTE (.)
                0x0081c51c                __alt_stack_base = ABSOLUTE (.)
                0x0081c51c                PROVIDE (_alt_partition_sdram_0_load_addr, LOADADDR (.sdram_0))

.onchip_memory2_0
                0x010021bc        0x0 load address 0x0081c51c
                0x010021bc                PROVIDE (_alt_partition_onchip_memory2_0_start, ABSOLUTE (.))
 *(.onchip_memory2_0. onchip_memory2_0.*)
                0x010021bc                . = ALIGN (0x4)
                0x010021bc                PROVIDE (_alt_partition_onchip_memory2_0_end, ABSOLUTE (.))
                0x0081c51c                PROVIDE (_alt_partition_onchip_memory2_0_load_addr, LOADADDR (.onchip_memory2_0))

.stab
 *(.stab)

.stabstr
 *(.stabstr)

.stab.excl
 *(.stab.excl)

.stab.exclstr
 *(.stab.exclstr)

.stab.index
 *(.stab.index)

.stab.indexstr
 *(.stab.indexstr)

.comment        0x00000000       0x23
 *(.comment)
 .comment       0x00000000       0x23 obj/hello_ucosii.o
                                 0x24 (size before relaxing)
 .comment       0x00000000       0x24 c:/altera/10.1sp1/nios2eds/bin/gnu/h-i686-mingw32/bin/../lib/gcc/nios2-elf/4.1.2/../../../../nios2-elf/lib/mno-hw-mul\libc.a(lib_a-fgetc.o)
 .comment       0x00000000       0x24 c:/altera/10.1sp1/nios2eds/bin/gnu/h-i686-mingw32/bin/../lib/gcc/nios2-elf/4.1.2/../../../../nios2-elf/lib/mno-hw-mul\libc.a(lib_a-findfp.o)
 .comment       0x00000000       0x24 c:/altera/10.1sp1/nios2eds/bin/gnu/h-i686-mingw32/bin/../lib/gcc/nios2-elf/4.1.2/../../../../nios2-elf/lib/mno-hw-mul\libc.a(lib_a-fopen.o)
 .comment       0x00000000       0x24 c:/altera/10.1sp1/nios2eds/bin/gnu/h-i686-mingw32/bin/../lib/gcc/nios2-elf/4.1.2/../../../../nios2-elf/lib/mno-hw-mul\libc.a(lib_a-fseek.o)
 .comment       0x00000000       0x24 c:/altera/10.1sp1/nios2eds/bin/gnu/h-i686-mingw32/bin/../lib/gcc/nios2-elf/4.1.2/../../../../nios2-elf/lib/mno-hw-mul\libc.a(lib_a-fstatr.o)
 .comment       0x00000000       0x24 c:/altera/10.1sp1/nios2eds/bin/gnu/h-i686-mingw32/bin/../lib/gcc/nios2-elf/4.1.2/../../../../nios2-elf/lib/mno-hw-mul\libc.a(lib_a-fwalk.o)
 .comment       0x00000000       0x24 c:/altera/10.1sp1/nios2eds/bin/gnu/h-i686-mingw32/bin/../lib/gcc/nios2-elf/4.1.2/../../../../nios2-elf/lib/mno-hw-mul\libc.a(lib_a-impure.o)
 .comment       0x00000000       0x24 c:/altera/10.1sp1/nios2eds/bin/gnu/h-i686-mingw32/bin/../lib/gcc/nios2-elf/4.1.2/../../../../nios2-elf/lib/mno-hw-mul\libc.a(lib_a-int_errno.o)
 .comment       0x00000000       0x24 c:/altera/10.1sp1/nios2eds/bin/gnu/h-i686-mingw32/bin/../lib/gcc/nios2-elf/4.1.2/../../../../nios2-elf/lib/mno-hw-mul\libc.a(lib_a-makebuf.o)
 .comment       0x00000000       0x24 c:/altera/10.1sp1/nios2eds/bin/gnu/h-i686-mingw32/bin/../lib/gcc/nios2-elf/4.1.2/../../../../nios2-elf/lib/mno-hw-mul\libc.a(lib_a-malloc.o)
 .comment       0x00000000       0x24 c:/altera/10.1sp1/nios2eds/bin/gnu/h-i686-mingw32/bin/../lib/gcc/nios2-elf/4.1.2/../../../../nios2-elf/lib/mno-hw-mul\libc.a(lib_a-mallocr.o)
 .comment       0x00000000       0x24 c:/altera/10.1sp1/nios2eds/bin/gnu/h-i686-mingw32/bin/../lib/gcc/nios2-elf/4.1.2/../../../../nios2-elf/lib/mno-hw-mul\libc.a(lib_a-memset.o)
 .comment       0x00000000       0x24 c:/altera/10.1sp1/nios2eds/bin/gnu/h-i686-mingw32/bin/../lib/gcc/nios2-elf/4.1.2/../../../../nios2-elf/lib/mno-hw-mul\libc.a(lib_a-openr.o)
 .comment       0x00000000       0x24 c:/altera/10.1sp1/nios2eds/bin/gnu/h-i686-mingw32/bin/../lib/gcc/nios2-elf/4.1.2/../../../../nios2-elf/lib/mno-hw-mul\libc.a(lib_a-puts.o)
 .comment       0x00000000       0x24 c:/altera/10.1sp1/nios2eds/bin/gnu/h-i686-mingw32/bin/../lib/gcc/nios2-elf/4.1.2/../../../../nios2-elf/lib/mno-hw-mul\libc.a(lib_a-refill.o)
 .comment       0x00000000       0x24 c:/altera/10.1sp1/nios2eds/bin/gnu/h-i686-mingw32/bin/../lib/gcc/nios2-elf/4.1.2/../../../../nios2-elf/lib/mno-hw-mul\libc.a(lib_a-rget.o)
 .comment       0x00000000       0x24 c:/altera/10.1sp1/nios2eds/bin/gnu/h-i686-mingw32/bin/../lib/gcc/nios2-elf/4.1.2/../../../../nios2-elf/lib/mno-hw-mul\libc.a(lib_a-sbrkr.o)
 .comment       0x00000000       0x24 c:/altera/10.1sp1/nios2eds/bin/gnu/h-i686-mingw32/bin/../lib/gcc/nios2-elf/4.1.2/../../../../nios2-elf/lib/mno-hw-mul\libc.a(lib_a-stdio.o)
 .comment       0x00000000       0x24 c:/altera/10.1sp1/nios2eds/bin/gnu/h-i686-mingw32/bin/../lib/gcc/nios2-elf/4.1.2/../../../../nios2-elf/lib/mno-hw-mul\libc.a(lib_a-strlen.o)
 .comment       0x00000000       0x24 c:/altera/10.1sp1/nios2eds/bin/gnu/h-i686-mingw32/bin/../lib/gcc/nios2-elf/4.1.2/../../../../nios2-elf/lib/mno-hw-mul\libc.a(lib_a-writer.o)
 .comment       0x00000000       0x24 c:/altera/10.1sp1/nios2eds/bin/gnu/h-i686-mingw32/bin/../lib/gcc/nios2-elf/4.1.2/../../../../nios2-elf/lib/mno-hw-mul\libc.a(lib_a-closer.o)
 .comment       0x00000000       0x24 c:/altera/10.1sp1/nios2eds/bin/gnu/h-i686-mingw32/bin/../lib/gcc/nios2-elf/4.1.2/../../../../nios2-elf/lib/mno-hw-mul\libc.a(lib_a-fclose.o)
 .comment       0x00000000       0x24 c:/altera/10.1sp1/nios2eds/bin/gnu/h-i686-mingw32/bin/../lib/gcc/nios2-elf/4.1.2/../../../../nios2-elf/lib/mno-hw-mul\libc.a(lib_a-fflush.o)
 .comment       0x00000000       0x24 c:/altera/10.1sp1/nios2eds/bin/gnu/h-i686-mingw32/bin/../lib/gcc/nios2-elf/4.1.2/../../../../nios2-elf/lib/mno-hw-mul\libc.a(lib_a-flags.o)
 .comment       0x00000000       0x24 c:/altera/10.1sp1/nios2eds/bin/gnu/h-i686-mingw32/bin/../lib/gcc/nios2-elf/4.1.2/../../../../nios2-elf/lib/mno-hw-mul\libc.a(lib_a-freer.o)
 .comment       0x00000000       0x24 c:/altera/10.1sp1/nios2eds/bin/gnu/h-i686-mingw32/bin/../lib/gcc/nios2-elf/4.1.2/../../../../nios2-elf/lib/mno-hw-mul\libc.a(lib_a-fvwrite.o)
 .comment       0x00000000       0x24 c:/altera/10.1sp1/nios2eds/bin/gnu/h-i686-mingw32/bin/../lib/gcc/nios2-elf/4.1.2/../../../../nios2-elf/lib/mno-hw-mul\libc.a(lib_a-isattyr.o)
 .comment       0x00000000       0x24 c:/altera/10.1sp1/nios2eds/bin/gnu/h-i686-mingw32/bin/../lib/gcc/nios2-elf/4.1.2/../../../../nios2-elf/lib/mno-hw-mul\libc.a(lib_a-lseekr.o)
 .comment       0x00000000       0x24 c:/altera/10.1sp1/nios2eds/bin/gnu/h-i686-mingw32/bin/../lib/gcc/nios2-elf/4.1.2/../../../../nios2-elf/lib/mno-hw-mul\libc.a(lib_a-memchr.o)
 .comment       0x00000000       0x24 c:/altera/10.1sp1/nios2eds/bin/gnu/h-i686-mingw32/bin/../lib/gcc/nios2-elf/4.1.2/../../../../nios2-elf/lib/mno-hw-mul\libc.a(lib_a-memcpy.o)
 .comment       0x00000000       0x24 c:/altera/10.1sp1/nios2eds/bin/gnu/h-i686-mingw32/bin/../lib/gcc/nios2-elf/4.1.2/../../../../nios2-elf/lib/mno-hw-mul\libc.a(lib_a-memmove.o)
 .comment       0x00000000       0x24 c:/altera/10.1sp1/nios2eds/bin/gnu/h-i686-mingw32/bin/../lib/gcc/nios2-elf/4.1.2/../../../../nios2-elf/lib/mno-hw-mul\libc.a(lib_a-readr.o)
 .comment       0x00000000       0x24 c:/altera/10.1sp1/nios2eds/bin/gnu/h-i686-mingw32/bin/../lib/gcc/nios2-elf/4.1.2/../../../../nios2-elf/lib/mno-hw-mul\libc.a(lib_a-reallocr.o)
 .comment       0x00000000       0x24 c:/altera/10.1sp1/nios2eds/bin/gnu/h-i686-mingw32/bin/../lib/gcc/nios2-elf/4.1.2/../../../../nios2-elf/lib/mno-hw-mul\libc.a(lib_a-wsetup.o)
 .comment       0x00000000       0x24 c:/altera/10.1sp1/nios2eds/bin/gnu/h-i686-mingw32/bin/../lib/gcc/nios2-elf/4.1.2/mno-hw-mul\libgcc.a(lib2-mul.o)
 .comment       0x00000000       0x24 ../Midi_Controller_bsp\libucosii_bsp.a(alt_close.o)
 .comment       0x00000000       0x24 ../Midi_Controller_bsp\libucosii_bsp.a(alt_dev.o)
 .comment       0x00000000       0x24 ../Midi_Controller_bsp\libucosii_bsp.a(alt_errno.o)
 .comment       0x00000000       0x24 ../Midi_Controller_bsp\libucosii_bsp.a(alt_fstat.o)
 .comment       0x00000000       0x24 ../Midi_Controller_bsp\libucosii_bsp.a(alt_isatty.o)
 .comment       0x00000000       0x24 ../Midi_Controller_bsp\libucosii_bsp.a(alt_load.o)
 .comment       0x00000000       0x24 ../Midi_Controller_bsp\libucosii_bsp.a(alt_lseek.o)
 .comment       0x00000000       0x24 ../Midi_Controller_bsp\libucosii_bsp.a(alt_main.o)
 .comment       0x00000000       0x24 ../Midi_Controller_bsp\libucosii_bsp.a(alt_open.o)
 .comment       0x00000000       0x24 ../Midi_Controller_bsp\libucosii_bsp.a(alt_read.o)
 .comment       0x00000000       0x24 ../Midi_Controller_bsp\libucosii_bsp.a(alt_release_fd.o)
 .comment       0x00000000       0x24 ../Midi_Controller_bsp\libucosii_bsp.a(alt_sbrk.o)
 .comment       0x00000000       0x24 ../Midi_Controller_bsp\libucosii_bsp.a(alt_write.o)
 .comment       0x00000000       0x24 ../Midi_Controller_bsp\libucosii_bsp.a(alt_env_lock.o)
 .comment       0x00000000       0x24 ../Midi_Controller_bsp\libucosii_bsp.a(alt_malloc_lock.o)
 .comment       0x00000000       0x24 ../Midi_Controller_bsp\libucosii_bsp.a(os_core.o)
 .comment       0x00000000       0x24 ../Midi_Controller_bsp\libucosii_bsp.a(os_dbg.o)
 .comment       0x00000000       0x24 ../Midi_Controller_bsp\libucosii_bsp.a(os_flag.o)
 .comment       0x00000000       0x24 ../Midi_Controller_bsp\libucosii_bsp.a(os_mem.o)
 .comment       0x00000000       0x24 ../Midi_Controller_bsp\libucosii_bsp.a(os_q.o)
 .comment       0x00000000       0x24 ../Midi_Controller_bsp\libucosii_bsp.a(os_sem.o)
 .comment       0x00000000       0x24 ../Midi_Controller_bsp\libucosii_bsp.a(os_task.o)
 .comment       0x00000000       0x24 ../Midi_Controller_bsp\libucosii_bsp.a(os_time.o)
 .comment       0x00000000       0x24 ../Midi_Controller_bsp\libucosii_bsp.a(alt_sys_init.o)
 .comment       0x00000000       0x24 ../Midi_Controller_bsp\libucosii_bsp.a(altera_avalon_jtag_uart_fd.o)
 .comment       0x00000000       0x24 ../Midi_Controller_bsp\libucosii_bsp.a(altera_avalon_jtag_uart_init.o)
 .comment       0x00000000       0x24 ../Midi_Controller_bsp\libucosii_bsp.a(altera_avalon_jtag_uart_ioctl.o)
 .comment       0x00000000       0x24 ../Midi_Controller_bsp\libucosii_bsp.a(altera_avalon_jtag_uart_read.o)
 .comment       0x00000000       0x24 ../Midi_Controller_bsp\libucosii_bsp.a(altera_avalon_jtag_uart_write.o)
 .comment       0x00000000       0x24 ../Midi_Controller_bsp\libucosii_bsp.a(altera_avalon_lcd_16207.o)
 .comment       0x00000000       0x24 ../Midi_Controller_bsp\libucosii_bsp.a(altera_avalon_lcd_16207_fd.o)
 .comment       0x00000000       0x24 ../Midi_Controller_bsp\libucosii_bsp.a(altera_avalon_timer_sc.o)
 .comment       0x00000000       0x24 ../Midi_Controller_bsp\libucosii_bsp.a(altera_avalon_uart_fd.o)
 .comment       0x00000000       0x24 ../Midi_Controller_bsp\libucosii_bsp.a(altera_avalon_uart_init.o)
 .comment       0x00000000       0x24 ../Midi_Controller_bsp\libucosii_bsp.a(altera_avalon_uart_read.o)
 .comment       0x00000000       0x24 ../Midi_Controller_bsp\libucosii_bsp.a(altera_avalon_uart_write.o)
 .comment       0x00000000       0x24 ../Midi_Controller_bsp\libucosii_bsp.a(alt_alarm_start.o)
 .comment       0x00000000       0x24 ../Midi_Controller_bsp\libucosii_bsp.a(alt_dcache_flush_all.o)
 .comment       0x00000000       0x24 ../Midi_Controller_bsp\libucosii_bsp.a(alt_dev_llist_insert.o)
 .comment       0x00000000       0x24 ../Midi_Controller_bsp\libucosii_bsp.a(alt_do_ctors.o)
 .comment       0x00000000       0x24 ../Midi_Controller_bsp\libucosii_bsp.a(alt_do_dtors.o)
 .comment       0x00000000       0x24 ../Midi_Controller_bsp\libucosii_bsp.a(alt_find_dev.o)
 .comment       0x00000000       0x24 ../Midi_Controller_bsp\libucosii_bsp.a(alt_find_file.o)
 .comment       0x00000000       0x24 ../Midi_Controller_bsp\libucosii_bsp.a(alt_get_fd.o)
 .comment       0x00000000       0x24 ../Midi_Controller_bsp\libucosii_bsp.a(alt_icache_flush_all.o)
 .comment       0x00000000       0x24 ../Midi_Controller_bsp\libucosii_bsp.a(alt_iic.o)
 .comment       0x00000000       0x24 ../Midi_Controller_bsp\libucosii_bsp.a(alt_iic_isr_register.o)
 .comment       0x00000000       0x24 ../Midi_Controller_bsp\libucosii_bsp.a(alt_io_redirect.o)
 .comment       0x00000000       0x24 ../Midi_Controller_bsp\libucosii_bsp.a(alt_irq_handler.o)
 .comment       0x00000000       0x24 ../Midi_Controller_bsp\libucosii_bsp.a(alt_irq_vars.o)
 .comment       0x00000000       0x24 ../Midi_Controller_bsp\libucosii_bsp.a(alt_tick.o)
 .comment       0x00000000       0x24 ../Midi_Controller_bsp\libucosii_bsp.a(alt_usleep.o)
 .comment       0x00000000       0x24 ../Midi_Controller_bsp\libucosii_bsp.a(altera_nios2_irq.o)
 .comment       0x00000000       0x24 ../Midi_Controller_bsp\libucosii_bsp.a(os_cpu_c.o)
 .comment       0x00000000       0x24 ../Midi_Controller_bsp\libucosii_bsp.a(alt_busy_sleep.o)
 .comment       0x00000000       0x24 c:/altera/10.1sp1/nios2eds/bin/gnu/h-i686-mingw32/bin/../lib/gcc/nios2-elf/4.1.2/../../../../nios2-elf/lib/mno-hw-mul\libc.a(lib_a-atexit.o)
 .comment       0x00000000       0x24 c:/altera/10.1sp1/nios2eds/bin/gnu/h-i686-mingw32/bin/../lib/gcc/nios2-elf/4.1.2/../../../../nios2-elf/lib/mno-hw-mul\libc.a(lib_a-ctype_.o)
 .comment       0x00000000       0x24 c:/altera/10.1sp1/nios2eds/bin/gnu/h-i686-mingw32/bin/../lib/gcc/nios2-elf/4.1.2/../../../../nios2-elf/lib/mno-hw-mul\libc.a(lib_a-exit.o)
 .comment       0x00000000       0x24 c:/altera/10.1sp1/nios2eds/bin/gnu/h-i686-mingw32/bin/../lib/gcc/nios2-elf/4.1.2/../../../../nios2-elf/lib/mno-hw-mul\libc.a(lib_a-memcmp.o)
 .comment       0x00000000       0x24 c:/altera/10.1sp1/nios2eds/bin/gnu/h-i686-mingw32/bin/../lib/gcc/nios2-elf/4.1.2/../../../../nios2-elf/lib/mno-hw-mul\libc.a(lib_a-__atexit.o)
 .comment       0x00000000       0x24 c:/altera/10.1sp1/nios2eds/bin/gnu/h-i686-mingw32/bin/../lib/gcc/nios2-elf/4.1.2/../../../../nios2-elf/lib/mno-hw-mul\libc.a(lib_a-__call_atexit.o)
 .comment       0x00000000       0x24 c:/altera/10.1sp1/nios2eds/bin/gnu/h-i686-mingw32/bin/../lib/gcc/nios2-elf/4.1.2/mno-hw-mul\libgcc.a(lib2-divmod.o)
 .comment       0x00000000       0x24 ../Midi_Controller_bsp\libucosii_bsp.a(alt_exit.o)

.debug
 *(.debug)

.line
 *(.line)

.debug_srcinfo
 *(.debug_srcinfo)

.debug_sfnames
 *(.debug_sfnames)

.debug_aranges  0x00000000      0xc78
 *(.debug_aranges)
 .debug_aranges
                0x00000000       0x28 ../Midi_Controller_bsp/obj/HAL/src/crt0.o
 .debug_aranges
                0x00000028       0x20 obj/hello_ucosii.o
 .debug_aranges
                0x00000048       0x20 c:/altera/10.1sp1/nios2eds/bin/gnu/h-i686-mingw32/bin/../lib/gcc/nios2-elf/4.1.2/../../../../nios2-elf/lib/mno-hw-mul\libc.a(lib_a-fgetc.o)
 .debug_aranges
                0x00000068       0x20 c:/altera/10.1sp1/nios2eds/bin/gnu/h-i686-mingw32/bin/../lib/gcc/nios2-elf/4.1.2/../../../../nios2-elf/lib/mno-hw-mul\libc.a(lib_a-findfp.o)
 .debug_aranges
                0x00000088       0x20 c:/altera/10.1sp1/nios2eds/bin/gnu/h-i686-mingw32/bin/../lib/gcc/nios2-elf/4.1.2/../../../../nios2-elf/lib/mno-hw-mul\libc.a(lib_a-fopen.o)
 .debug_aranges
                0x000000a8       0x20 c:/altera/10.1sp1/nios2eds/bin/gnu/h-i686-mingw32/bin/../lib/gcc/nios2-elf/4.1.2/../../../../nios2-elf/lib/mno-hw-mul\libc.a(lib_a-fseek.o)
 .debug_aranges
                0x000000c8       0x20 c:/altera/10.1sp1/nios2eds/bin/gnu/h-i686-mingw32/bin/../lib/gcc/nios2-elf/4.1.2/../../../../nios2-elf/lib/mno-hw-mul\libc.a(lib_a-fstatr.o)
 .debug_aranges
                0x000000e8       0x20 c:/altera/10.1sp1/nios2eds/bin/gnu/h-i686-mingw32/bin/../lib/gcc/nios2-elf/4.1.2/../../../../nios2-elf/lib/mno-hw-mul\libc.a(lib_a-fwalk.o)
 .debug_aranges
                0x00000108       0x20 c:/altera/10.1sp1/nios2eds/bin/gnu/h-i686-mingw32/bin/../lib/gcc/nios2-elf/4.1.2/../../../../nios2-elf/lib/mno-hw-mul\libc.a(lib_a-makebuf.o)
 .debug_aranges
                0x00000128       0x20 c:/altera/10.1sp1/nios2eds/bin/gnu/h-i686-mingw32/bin/../lib/gcc/nios2-elf/4.1.2/../../../../nios2-elf/lib/mno-hw-mul\libc.a(lib_a-malloc.o)
 .debug_aranges
                0x00000148       0x20 c:/altera/10.1sp1/nios2eds/bin/gnu/h-i686-mingw32/bin/../lib/gcc/nios2-elf/4.1.2/../../../../nios2-elf/lib/mno-hw-mul\libc.a(lib_a-mallocr.o)
 .debug_aranges
                0x00000168       0x20 c:/altera/10.1sp1/nios2eds/bin/gnu/h-i686-mingw32/bin/../lib/gcc/nios2-elf/4.1.2/../../../../nios2-elf/lib/mno-hw-mul\libc.a(lib_a-memset.o)
 .debug_aranges
                0x00000188       0x20 c:/altera/10.1sp1/nios2eds/bin/gnu/h-i686-mingw32/bin/../lib/gcc/nios2-elf/4.1.2/../../../../nios2-elf/lib/mno-hw-mul\libc.a(lib_a-openr.o)
 .debug_aranges
                0x000001a8       0x20 c:/altera/10.1sp1/nios2eds/bin/gnu/h-i686-mingw32/bin/../lib/gcc/nios2-elf/4.1.2/../../../../nios2-elf/lib/mno-hw-mul\libc.a(lib_a-puts.o)
 .debug_aranges
                0x000001c8       0x20 c:/altera/10.1sp1/nios2eds/bin/gnu/h-i686-mingw32/bin/../lib/gcc/nios2-elf/4.1.2/../../../../nios2-elf/lib/mno-hw-mul\libc.a(lib_a-refill.o)
 .debug_aranges
                0x000001e8       0x20 c:/altera/10.1sp1/nios2eds/bin/gnu/h-i686-mingw32/bin/../lib/gcc/nios2-elf/4.1.2/../../../../nios2-elf/lib/mno-hw-mul\libc.a(lib_a-rget.o)
 .debug_aranges
                0x00000208       0x20 c:/altera/10.1sp1/nios2eds/bin/gnu/h-i686-mingw32/bin/../lib/gcc/nios2-elf/4.1.2/../../../../nios2-elf/lib/mno-hw-mul\libc.a(lib_a-sbrkr.o)
 .debug_aranges
                0x00000228       0x20 c:/altera/10.1sp1/nios2eds/bin/gnu/h-i686-mingw32/bin/../lib/gcc/nios2-elf/4.1.2/../../../../nios2-elf/lib/mno-hw-mul\libc.a(lib_a-stdio.o)
 .debug_aranges
                0x00000248       0x20 c:/altera/10.1sp1/nios2eds/bin/gnu/h-i686-mingw32/bin/../lib/gcc/nios2-elf/4.1.2/../../../../nios2-elf/lib/mno-hw-mul\libc.a(lib_a-strlen.o)
 .debug_aranges
                0x00000268       0x20 c:/altera/10.1sp1/nios2eds/bin/gnu/h-i686-mingw32/bin/../lib/gcc/nios2-elf/4.1.2/../../../../nios2-elf/lib/mno-hw-mul\libc.a(lib_a-writer.o)
 .debug_aranges
                0x00000288       0x20 c:/altera/10.1sp1/nios2eds/bin/gnu/h-i686-mingw32/bin/../lib/gcc/nios2-elf/4.1.2/../../../../nios2-elf/lib/mno-hw-mul\libc.a(lib_a-closer.o)
 .debug_aranges
                0x000002a8       0x20 c:/altera/10.1sp1/nios2eds/bin/gnu/h-i686-mingw32/bin/../lib/gcc/nios2-elf/4.1.2/../../../../nios2-elf/lib/mno-hw-mul\libc.a(lib_a-fclose.o)
 .debug_aranges
                0x000002c8       0x20 c:/altera/10.1sp1/nios2eds/bin/gnu/h-i686-mingw32/bin/../lib/gcc/nios2-elf/4.1.2/../../../../nios2-elf/lib/mno-hw-mul\libc.a(lib_a-fflush.o)
 .debug_aranges
                0x000002e8       0x20 c:/altera/10.1sp1/nios2eds/bin/gnu/h-i686-mingw32/bin/../lib/gcc/nios2-elf/4.1.2/../../../../nios2-elf/lib/mno-hw-mul\libc.a(lib_a-flags.o)
 .debug_aranges
                0x00000308       0x20 c:/altera/10.1sp1/nios2eds/bin/gnu/h-i686-mingw32/bin/../lib/gcc/nios2-elf/4.1.2/../../../../nios2-elf/lib/mno-hw-mul\libc.a(lib_a-freer.o)
 .debug_aranges
                0x00000328       0x20 c:/altera/10.1sp1/nios2eds/bin/gnu/h-i686-mingw32/bin/../lib/gcc/nios2-elf/4.1.2/../../../../nios2-elf/lib/mno-hw-mul\libc.a(lib_a-fvwrite.o)
 .debug_aranges
                0x00000348       0x20 c:/altera/10.1sp1/nios2eds/bin/gnu/h-i686-mingw32/bin/../lib/gcc/nios2-elf/4.1.2/../../../../nios2-elf/lib/mno-hw-mul\libc.a(lib_a-isattyr.o)
 .debug_aranges
                0x00000368       0x20 c:/altera/10.1sp1/nios2eds/bin/gnu/h-i686-mingw32/bin/../lib/gcc/nios2-elf/4.1.2/../../../../nios2-elf/lib/mno-hw-mul\libc.a(lib_a-lseekr.o)
 .debug_aranges
                0x00000388       0x20 c:/altera/10.1sp1/nios2eds/bin/gnu/h-i686-mingw32/bin/../lib/gcc/nios2-elf/4.1.2/../../../../nios2-elf/lib/mno-hw-mul\libc.a(lib_a-memchr.o)
 .debug_aranges
                0x000003a8       0x20 c:/altera/10.1sp1/nios2eds/bin/gnu/h-i686-mingw32/bin/../lib/gcc/nios2-elf/4.1.2/../../../../nios2-elf/lib/mno-hw-mul\libc.a(lib_a-memcpy.o)
 .debug_aranges
                0x000003c8       0x20 c:/altera/10.1sp1/nios2eds/bin/gnu/h-i686-mingw32/bin/../lib/gcc/nios2-elf/4.1.2/../../../../nios2-elf/lib/mno-hw-mul\libc.a(lib_a-memmove.o)
 .debug_aranges
                0x000003e8       0x20 c:/altera/10.1sp1/nios2eds/bin/gnu/h-i686-mingw32/bin/../lib/gcc/nios2-elf/4.1.2/../../../../nios2-elf/lib/mno-hw-mul\libc.a(lib_a-readr.o)
 .debug_aranges
                0x00000408       0x20 c:/altera/10.1sp1/nios2eds/bin/gnu/h-i686-mingw32/bin/../lib/gcc/nios2-elf/4.1.2/../../../../nios2-elf/lib/mno-hw-mul\libc.a(lib_a-reallocr.o)
 .debug_aranges
                0x00000428       0x20 c:/altera/10.1sp1/nios2eds/bin/gnu/h-i686-mingw32/bin/../lib/gcc/nios2-elf/4.1.2/../../../../nios2-elf/lib/mno-hw-mul\libc.a(lib_a-wsetup.o)
 .debug_aranges
                0x00000448       0x20 c:/altera/10.1sp1/nios2eds/bin/gnu/h-i686-mingw32/bin/../lib/gcc/nios2-elf/4.1.2/mno-hw-mul\libgcc.a(lib2-mul.o)
 .debug_aranges
                0x00000468       0x20 ../Midi_Controller_bsp\libucosii_bsp.a(alt_close.o)
 .debug_aranges
                0x00000488       0x20 ../Midi_Controller_bsp\libucosii_bsp.a(alt_dev.o)
 .debug_aranges
                0x000004a8       0x20 ../Midi_Controller_bsp\libucosii_bsp.a(alt_fstat.o)
 .debug_aranges
                0x000004c8       0x20 ../Midi_Controller_bsp\libucosii_bsp.a(alt_isatty.o)
 .debug_aranges
                0x000004e8       0x20 ../Midi_Controller_bsp\libucosii_bsp.a(alt_load.o)
 .debug_aranges
                0x00000508       0x20 ../Midi_Controller_bsp\libucosii_bsp.a(alt_lseek.o)
 .debug_aranges
                0x00000528       0x20 ../Midi_Controller_bsp\libucosii_bsp.a(alt_main.o)
 .debug_aranges
                0x00000548       0x20 ../Midi_Controller_bsp\libucosii_bsp.a(alt_open.o)
 .debug_aranges
                0x00000568       0x20 ../Midi_Controller_bsp\libucosii_bsp.a(alt_read.o)
 .debug_aranges
                0x00000588       0x20 ../Midi_Controller_bsp\libucosii_bsp.a(alt_release_fd.o)
 .debug_aranges
                0x000005a8       0x20 ../Midi_Controller_bsp\libucosii_bsp.a(alt_sbrk.o)
 .debug_aranges
                0x000005c8       0x20 ../Midi_Controller_bsp\libucosii_bsp.a(alt_write.o)
 .debug_aranges
                0x000005e8       0x20 ../Midi_Controller_bsp\libucosii_bsp.a(alt_env_lock.o)
 .debug_aranges
                0x00000608       0x20 ../Midi_Controller_bsp\libucosii_bsp.a(alt_malloc_lock.o)
 .debug_aranges
                0x00000628       0x20 ../Midi_Controller_bsp\libucosii_bsp.a(os_core.o)
 .debug_aranges
                0x00000648       0x20 ../Midi_Controller_bsp\libucosii_bsp.a(os_dbg.o)
 .debug_aranges
                0x00000668       0x20 ../Midi_Controller_bsp\libucosii_bsp.a(os_flag.o)
 .debug_aranges
                0x00000688       0x20 ../Midi_Controller_bsp\libucosii_bsp.a(os_mem.o)
 .debug_aranges
                0x000006a8       0x20 ../Midi_Controller_bsp\libucosii_bsp.a(os_q.o)
 .debug_aranges