Partition Merge report for MidiSynth
Mon Mar 26 17:23:53 2012
Quartus II Version 10.1 Build 197 01/19/2011 Service Pack 1 SJ Web Edition


---------------------
; Table of Contents ;
---------------------
  1. Legal Notice
  2. Partition Merge Summary
  3. Partition Merge Netlist Types Used
  4. Partition Merge Partition Statistics
  5. Partition Merge Resource Usage Summary
  6. Partition Merge RAM Summary
  7. Partition Merge DSP Block Usage Summary
  8. Partition Merge Messages



----------------
; Legal Notice ;
----------------
Copyright (C) 1991-2011 Altera Corporation
Your use of Altera Corporation's design tools, logic functions 
and other software and tools, and its AMPP partner logic 
functions, and any output files from any of the foregoing 
(including device programming or simulation files), and any 
associated documentation or information are expressly subject 
to the terms and conditions of the Altera Program License 
Subscription Agreement, Altera MegaCore Function License 
Agreement, or other applicable license agreement, including, 
without limitation, that your use is for the sole purpose of 
programming logic devices manufactured by Altera and sold by 
Altera or its authorized distributors.  Please refer to the 
applicable agreement for further details.



+------------------------------------------------------------------------------------+
; Partition Merge Summary                                                            ;
+------------------------------------+-----------------------------------------------+
; Partition Merge Status             ; Successful - Mon Mar 26 17:23:53 2012         ;
; Quartus II Version                 ; 10.1 Build 197 01/19/2011 SP 1 SJ Web Edition ;
; Revision Name                      ; MidiSynth                                     ;
; Top-level Entity Name              ; DE1_Audio_AdcDac                              ;
; Family                             ; Cyclone II                                    ;
; Total logic elements               ; 3,644                                         ;
;     Total combinational functions  ; 3,085                                         ;
;     Dedicated logic registers      ; 1,788                                         ;
; Total registers                    ; 1788                                          ;
; Total pins                         ; 173                                           ;
; Total virtual pins                 ; 0                                             ;
; Total memory bits                  ; 175,104                                       ;
; Embedded Multiplier 9-bit elements ; 12                                            ;
; Total PLLs                         ; 2                                             ;
+------------------------------------+-----------------------------------------------+


+-------------------------------------------------------------------------------------------------------------------------------+
; Partition Merge Netlist Types Used                                                                                            ;
+--------------------------------+----------------+-------------------+------------------------+--------------------------------+
; Partition Name                 ; Partition Type ; Netlist Type Used ; Netlist Type Requested ; Partition Contents             ;
+--------------------------------+----------------+-------------------+------------------------+--------------------------------+
; Top                            ; User-created   ; Source File       ; Post-Fit               ;                                ;
; sld_hub:auto_hub               ; Auto-generated ; Post-Synthesis    ; Post-Synthesis         ; sld_hub:auto_hub               ;
; hard_block:auto_generated_inst ; Auto-generated ; Source File       ; Source File            ; hard_block:auto_generated_inst ;
+--------------------------------+----------------+-------------------+------------------------+--------------------------------+


+----------------------------------------------------------------------------------------------------------+
; Partition Merge Partition Statistics                                                                     ;
+---------------------------------------------+--------+------------------+--------------------------------+
; Statistic                                   ; Top    ; sld_hub:auto_hub ; hard_block:auto_generated_inst ;
+---------------------------------------------+--------+------------------+--------------------------------+
; Estimated Total logic elements              ; 3512   ; 132              ; 0                              ;
;                                             ;        ;                  ;                                ;
; Total combinational functions               ; 2963   ; 122              ; 0                              ;
; Logic element usage by number of LUT inputs ;        ;                  ;                                ;
;     -- 4 input functions                    ; 1582   ; 52               ; 0                              ;
;     -- 3 input functions                    ; 866    ; 45               ; 0                              ;
;     -- <=2 input functions                  ; 515    ; 25               ; 0                              ;
;                                             ;        ;                  ;                                ;
; Logic elements by mode                      ;        ;                  ;                                ;
;     -- normal mode                          ; 2511   ; 118              ; 0                              ;
;     -- arithmetic mode                      ; 452    ; 4                ; 0                              ;
;                                             ;        ;                  ;                                ;
; Total registers                             ; 1712   ; 76               ; 0                              ;
;     -- Dedicated logic registers            ; 1712   ; 76               ; 0                              ;
;     -- I/O registers                        ; 0      ; 0                ; 0                              ;
;                                             ;        ;                  ;                                ;
; Virtual pins                                ; 0      ; 0                ; 0                              ;
; I/O pins                                    ; 173    ; 0                ; 0                              ;
; Embedded Multiplier 9-bit elements          ; 12     ; 0                ; 0                              ;
; Total memory bits                           ; 175104 ; 0                ; 0                              ;
; Total RAM block bits                        ; 0      ; 0                ; 0                              ;
; JTAG                                        ; 1      ; 0                ; 0                              ;
; PLL                                         ; 0      ; 0                ; 2                              ;
;                                             ;        ;                  ;                                ;
; Connections                                 ;        ;                  ;                                ;
;     -- Input Connections                    ; 276    ; 118              ; 4                              ;
;     -- Registered Input Connections         ; 135    ; 84               ; 0                              ;
;     -- Output Connections                   ; 213    ; 173              ; 12                             ;
;     -- Registered Output Connections        ; 6      ; 172              ; 0                              ;
;                                             ;        ;                  ;                                ;
; Internal Connections                        ;        ;                  ;                                ;
;     -- Total Connections                    ; 19073  ; 825              ; 16                             ;
;     -- Registered Connections               ; 8938   ; 597              ; 0                              ;
;                                             ;        ;                  ;                                ;
; External Connections                        ;        ;                  ;                                ;
;     -- Top                                  ; 184    ; 289              ; 16                             ;
;     -- sld_hub:auto_hub                     ; 289    ; 2                ; 0                              ;
;     -- hard_block:auto_generated_inst       ; 16     ; 0                ; 0                              ;
;                                             ;        ;                  ;                                ;
; Partition Interface                         ;        ;                  ;                                ;
;     -- Input Ports                          ; 65     ; 22               ; 4                              ;
;     -- Output Ports                         ; 94     ; 39               ; 6                              ;
;     -- Bidir Ports                          ; 61     ; 0                ; 0                              ;
;                                             ;        ;                  ;                                ;
; Registered Ports                            ;        ;                  ;                                ;
;     -- Registered Input Ports               ; 0      ; 3                ; 0                              ;
;     -- Registered Output Ports              ; 0      ; 29               ; 0                              ;
;                                             ;        ;                  ;                                ;
; Port Connectivity                           ;        ;                  ;                                ;
;     -- Input Ports driven by GND            ; 0      ; 9                ; 0                              ;
;     -- Output Ports driven by GND           ; 0      ; 0                ; 0                              ;
;     -- Input Ports driven by VCC            ; 0      ; 0                ; 0                              ;
;     -- Output Ports driven by VCC           ; 0      ; 0                ; 0                              ;
;     -- Input Ports with no Source           ; 0      ; 0                ; 0                              ;
;     -- Output Ports with no Source          ; 0      ; 0                ; 0                              ;
;     -- Input Ports with no Fanout           ; 0      ; 1                ; 0                              ;
;     -- Output Ports with no Fanout          ; 0      ; 25               ; 3                              ;
+---------------------------------------------+--------+------------------+--------------------------------+
Note: Resource usage numbers presented for Partitions containing post-synthesis logic are estimates.  For Partitions containing post-fit logic, resource usage numbers are accurate based on previous placement information.  Actual Fitter results may vary depending on current Fitter Preservation Level assignments.


+--------------------------------------------------------+
; Partition Merge Resource Usage Summary                 ;
+---------------------------------------------+----------+
; Resource                                    ; Usage    ;
+---------------------------------------------+----------+
; Estimated Total logic elements              ; 3,644    ;
;                                             ;          ;
; Total combinational functions               ; 3085     ;
; Logic element usage by number of LUT inputs ;          ;
;     -- 4 input functions                    ; 1634     ;
;     -- 3 input functions                    ; 911      ;
;     -- <=2 input functions                  ; 540      ;
;                                             ;          ;
; Logic elements by mode                      ;          ;
;     -- normal mode                          ; 2629     ;
;     -- arithmetic mode                      ; 456      ;
;                                             ;          ;
; Total registers                             ; 1788     ;
;     -- Dedicated logic registers            ; 1788     ;
;     -- I/O registers                        ; 0        ;
;                                             ;          ;
; I/O pins                                    ; 173      ;
; Total memory bits                           ; 175104   ;
; Embedded Multiplier 9-bit elements          ; 12       ;
; Total PLLs                                  ; 2        ;
;     -- PLLs                                 ; 2        ;
;                                             ;          ;
; Maximum fan-out node                        ; CLOCK_50 ;
; Maximum fan-out                             ; 1581     ;
; Total fan-out                               ; 19388    ;
; Average fan-out                             ; 3.70     ;
+---------------------------------------------+----------+


+-----------------------------------------------------------------------------------------------------------------------------------------------------------------------------------------------------------------------------------------------------------------------------------------------------------------------------------------------------------------------------------------------------------+
; Partition Merge RAM Summary                                                                                                                                                                                                                                                                                                                                                                               ;
+-----------------------------------------------------------------------------------------------------------------------------------------------------------------------------------------------------------------------------------------------------------------------+------+------------------+--------------+--------------+--------------+--------------+-------+-------------------------------------+
; Name                                                                                                                                                                                                                                                                  ; Type ; Mode             ; Port A Depth ; Port A Width ; Port B Depth ; Port B Width ; Size  ; MIF                                 ;
+-----------------------------------------------------------------------------------------------------------------------------------------------------------------------------------------------------------------------------------------------------------------------+------+------------------+--------------+--------------+--------------+--------------+-------+-------------------------------------+
; SOPC_File:mainSystem|cpu_0:the_cpu_0|cpu_0_nios2_oci:the_cpu_0_nios2_oci|cpu_0_nios2_ocimem:the_cpu_0_nios2_ocimem|cpu_0_ociram_lpm_dram_bdp_component_module:cpu_0_ociram_lpm_dram_bdp_component|altsyncram:the_altsyncram|altsyncram_c572:auto_generated|ALTSYNCRAM ; AUTO ; True Dual Port   ; 256          ; 32           ; 256          ; 32           ; 8192  ; cpu_0_ociram_default_contents.mif   ;
; SOPC_File:mainSystem|cpu_0:the_cpu_0|cpu_0_register_bank_a_module:cpu_0_register_bank_a|altsyncram:the_altsyncram|altsyncram_vaf1:auto_generated|ALTSYNCRAM                                                                                                           ; AUTO ; Simple Dual Port ; 32           ; 32           ; 32           ; 32           ; 1024  ; cpu_0_rf_ram_a.mif                  ;
; SOPC_File:mainSystem|cpu_0:the_cpu_0|cpu_0_register_bank_b_module:cpu_0_register_bank_b|altsyncram:the_altsyncram|altsyncram_0bf1:auto_generated|ALTSYNCRAM                                                                                                           ; AUTO ; Simple Dual Port ; 32           ; 32           ; 32           ; 32           ; 1024  ; cpu_0_rf_ram_b.mif                  ;
; SOPC_File:mainSystem|jtag_uart_0:the_jtag_uart_0|jtag_uart_0_scfifo_r:the_jtag_uart_0_scfifo_r|scfifo:rfifo|scfifo_1n21:auto_generated|a_dpfifo_8t21:dpfifo|dpram_5h21:FIFOram|altsyncram_9tl1:altsyncram2|ALTSYNCRAM                                                 ; AUTO ; Simple Dual Port ; 64           ; 8            ; 64           ; 8            ; 512   ; None                                ;
; SOPC_File:mainSystem|jtag_uart_0:the_jtag_uart_0|jtag_uart_0_scfifo_w:the_jtag_uart_0_scfifo_w|scfifo:wfifo|scfifo_1n21:auto_generated|a_dpfifo_8t21:dpfifo|dpram_5h21:FIFOram|altsyncram_9tl1:altsyncram2|ALTSYNCRAM                                                 ; AUTO ; Simple Dual Port ; 64           ; 8            ; 64           ; 8            ; 512   ; None                                ;
; SOPC_File:mainSystem|onchip_memory2_0:the_onchip_memory2_0|altsyncram:the_altsyncram|altsyncram_u3c1:auto_generated|ALTSYNCRAM                                                                                                                                        ; AUTO ; Single Port      ; 2048         ; 32           ; --           ; --           ; 65536 ; onchip_memory2_0.hex                ;
; adc_dac_controller:adcDacController|waveform_gen:waveGen|sin_lut:lut|altsyncram:Mux10_rtl_1|altsyncram_5k01:auto_generated|ALTSYNCRAM                                                                                                                                 ; AUTO ; ROM              ; 4096         ; 12           ; --           ; --           ; 49152 ; MidiSynth.DE1_Audio_AdcDac1.rtl.mif ;
; adc_dac_controller:adcDacController|waveform_gen:waveGen|sin_lut:lut|altsyncram:Mux22_rtl_0|altsyncram_4k01:auto_generated|ALTSYNCRAM                                                                                                                                 ; AUTO ; ROM              ; 4096         ; 12           ; --           ; --           ; 49152 ; MidiSynth.DE1_Audio_AdcDac0.rtl.mif ;
+-----------------------------------------------------------------------------------------------------------------------------------------------------------------------------------------------------------------------------------------------------------------------+------+------------------+--------------+--------------+--------------+--------------+-------+-------------------------------------+


+-----------------------------------------------------+
; Partition Merge DSP Block Usage Summary             ;
+---------------------------------------+-------------+
; Statistic                             ; Number Used ;
+---------------------------------------+-------------+
; Simple Multipliers (9-bit)            ; 0           ;
; Simple Multipliers (18-bit)           ; 6           ;
; Embedded Multiplier Blocks            ; --          ;
; Embedded Multiplier 9-bit elements    ; 12          ;
; Signed Embedded Multipliers           ; 0           ;
; Unsigned Embedded Multipliers         ; 6           ;
; Mixed Sign Embedded Multipliers       ; 0           ;
; Variable Sign Embedded Multipliers    ; 0           ;
; Dedicated Input Shift Register Chains ; 0           ;
+---------------------------------------+-------------+
Note: number of Embedded Multiplier Blocks used is only available after a successful fit.


+--------------------------+
; Partition Merge Messages ;
+--------------------------+
Info: *******************************************************************
Info: Running Quartus II Partition Merge
    Info: Version 10.1 Build 197 01/19/2011 Service Pack 1 SJ Web Edition
    Info: Processing started: Mon Mar 26 17:23:52 2012
Info: Command: quartus_cdb --read_settings_files=off --write_settings_files=off MidiSynth -c MidiSynth --merge=on
Warning: Previously generated Fitter netlist for partition "Top" is older than current Synthesis netlist -- using the current Synthesis netlist instead to ensure that the latest source changes are included
    Info: Set the option to Ignore source file changes to force the Quartus II software to always use a previously generated Fitter netlist
Info: Using synthesis netlist for partition "Top"
Info: Using synthesis netlist for partition "sld_hub:auto_hub"
Info: Resolved and merged 2 partition(s)
Info: Generating hard_block partition "hard_block:auto_generated_inst"
    Info: Adding node "SOPC_File:mainSystem|altpll_0:the_altpll_0|altpll:sd1|pll"
    Info: Adding node "audioPLL:audioPllClockGen|altpll:altpll_component|pll"
Warning: Design contains 18 input pin(s) that do not drive logic
    Warning (15610): No output dependent on input pin "KEY[1]"
    Warning (15610): No output dependent on input pin "SW[1]"
    Warning (15610): No output dependent on input pin "SW[2]"
    Warning (15610): No output dependent on input pin "SW[3]"
    Warning (15610): No output dependent on input pin "SW[4]"
    Warning (15610): No output dependent on input pin "SW[5]"
    Warning (15610): No output dependent on input pin "SW[6]"
    Warning (15610): No output dependent on input pin "SW[7]"
    Warning (15610): No output dependent on input pin "SW[8]"
    Warning (15610): No output dependent on input pin "SW[9]"
    Warning (15610): No output dependent on input pin "SW[10]"
    Warning (15610): No output dependent on input pin "SW[11]"
    Warning (15610): No output dependent on input pin "SW[12]"
    Warning (15610): No output dependent on input pin "SW[13]"
    Warning (15610): No output dependent on input pin "SW[14]"
    Warning (15610): No output dependent on input pin "SW[15]"
    Warning (15610): No output dependent on input pin "SW[16]"
    Warning (15610): No output dependent on input pin "SW[17]"
Info: Implemented 4152 device resources after synthesis - the final resource count might be different
    Info: Implemented 28 input pins
    Info: Implemented 88 output pins
    Info: Implemented 61 bidirectional pins
    Info: Implemented 3792 logic cells
    Info: Implemented 168 RAM segments
    Info: Implemented 2 PLLs
    Info: Implemented 12 DSP elements
Info: Quartus II Partition Merge was successful. 0 errors, 20 warnings
    Info: Peak virtual memory: 241 megabytes
    Info: Processing ended: Mon Mar 26 17:23:54 2012
    Info: Elapsed time: 00:00:02
    Info: Total CPU time (on all processors): 00:00:01


